20:47:15 **** Build of project First_bsp ****
make -k all 
"Running Make include in microblaze_0/libsrc/bram_v4_2/src"
make -C microblaze_0/libsrc/bram_v4_2/src -s include  "SHELL=CMD" "COMPILER=mb-gcc" "ARCHIVER=mb-ar" "COMPILER_FLAGS=  -O2 -c -mcpu=v11.0 -mlittle-endian -mxl-soft-mul" "EXTRA_COMPILER_FLAGS=-ffunction-sections -fdata-sections -Wall -Wextra"
"Running Make include in microblaze_0/libsrc/cpu_v2_8/src"
make -C microblaze_0/libsrc/cpu_v2_8/src -s include  "SHELL=CMD" "COMPILER=mb-gcc" "ARCHIVER=mb-ar" "COMPILER_FLAGS=  -O2 -c -mcpu=v11.0 -mlittle-endian -mxl-soft-mul" "EXTRA_COMPILER_FLAGS=-ffunction-sections -fdata-sections -Wall -Wextra"
"Running Make include in microblaze_0/libsrc/gpio_v4_3/src"
make -C microblaze_0/libsrc/gpio_v4_3/src -s include  "SHELL=CMD" "COMPILER=mb-gcc" "ARCHIVER=mb-ar" "COMPILER_FLAGS=  -O2 -c -mcpu=v11.0 -mlittle-endian -mxl-soft-mul" "EXTRA_COMPILER_FLAGS=-ffunction-sections -fdata-sections -Wall -Wextra"
"Running Make include in microblaze_0/libsrc/standalone_v6_8/src"
make -C microblaze_0/libsrc/standalone_v6_8/src -s include  "SHELL=CMD" "COMPILER=mb-gcc" "ARCHIVER=mb-ar" "COMPILER_FLAGS=  -O2 -c -mcpu=v11.0 -mlittle-endian -mxl-soft-mul" "EXTRA_COMPILER_FLAGS=-ffunction-sections -fdata-sections -Wall -Wextra"
"Running Make include in microblaze_0/libsrc/uartlite_v3_2/src"
make -C microblaze_0/libsrc/uartlite_v3_2/src -s include  "SHELL=CMD" "COMPILER=mb-gcc" "ARCHIVER=mb-ar" "COMPILER_FLAGS=  -O2 -c -mcpu=v11.0 -mlittle-endian -mxl-soft-mul" "EXTRA_COMPILER_FLAGS=-ffunction-sections -fdata-sections -Wall -Wextra"
"Running Make libs in microblaze_0/libsrc/bram_v4_2/src"
make -C microblaze_0/libsrc/bram_v4_2/src -s libs  "SHELL=CMD" "COMPILER=mb-gcc" "ARCHIVER=mb-ar" "COMPILER_FLAGS=  -O2 -c -mcpu=v11.0 -mlittle-endian -mxl-soft-mul" "EXTRA_COMPILER_FLAGS=-ffunction-sections -fdata-sections -Wall -Wextra"
"Compiling bram"
mb-ar: creating ../../../lib/libxil.a
"Running Make libs in microblaze_0/libsrc/cpu_v2_8/src"
make -C microblaze_0/libsrc/cpu_v2_8/src -s libs  "SHELL=CMD" "COMPILER=mb-gcc" "ARCHIVER=mb-ar" "COMPILER_FLAGS=  -O2 -c -mcpu=v11.0 -mlittle-endian -mxl-soft-mul" "EXTRA_COMPILER_FLAGS=-ffunction-sections -fdata-sections -Wall -Wextra"
"Compiling cpu"
"Running Make libs in microblaze_0/libsrc/gpio_v4_3/src"
make -C microblaze_0/libsrc/gpio_v4_3/src -s libs  "SHELL=CMD" "COMPILER=mb-gcc" "ARCHIVER=mb-ar" "COMPILER_FLAGS=  -O2 -c -mcpu=v11.0 -mlittle-endian -mxl-soft-mul" "EXTRA_COMPILER_FLAGS=-ffunction-sections -fdata-sections -Wall -Wextra"
"Compiling gpio"
"Running Make libs in microblaze_0/libsrc/standalone_v6_8/src"
make -C microblaze_0/libsrc/standalone_v6_8/src -s libs  "SHELL=CMD" "COMPILER=mb-gcc" "ARCHIVER=mb-ar" "COMPILER_FLAGS=  -O2 -c -mcpu=v11.0 -mlittle-endian -mxl-soft-mul" "EXTRA_COMPILER_FLAGS=-ffunction-sections -fdata-sections -Wall -Wextra"
"Compiling standalone";
microblaze_sleep.c:77:9: note: #pragma message: For the sleep routines, assembly instructions are used
 #pragma message ("For the sleep routines, assembly instructions are used")
         ^~~~~~~
"Running Make libs in microblaze_0/libsrc/uartlite_v3_2/src"
make -C microblaze_0/libsrc/uartlite_v3_2/src -s libs  "SHELL=CMD" "COMPILER=mb-gcc" "ARCHIVER=mb-ar" "COMPILER_FLAGS=  -O2 -c -mcpu=v11.0 -mlittle-endian -mxl-soft-mul" "EXTRA_COMPILER_FLAGS=-ffunction-sections -fdata-sections -Wall -Wextra"
"Compiling uartlite"
'Finished building libraries'
20:47:42 **** Build of configuration Debug for project First ****
make all 
'Building file: ../src/helloworld.c'
'Invoking: MicroBlaze gcc compiler'
mb-gcc -Wall -O0 -g3 -c -fmessage-length=0 -MT"src/helloworld.o" -I../../First_bsp/microblaze_0/include -mlittle-endian -mcpu=v11.0 -mxl-soft-mul -Wl,--no-relax -ffunction-sections -fdata-sections -MMD -MP -MF"src/helloworld.d" -MT"src/helloworld.o" -o "src/helloworld.o" "../src/helloworld.c"
'Finished building: ../src/helloworld.c'
' '
'Building file: ../src/platform.c'
'Invoking: MicroBlaze gcc compiler'
mb-gcc -Wall -O0 -g3 -c -fmessage-length=0 -MT"src/platform.o" -I../../First_bsp/microblaze_0/include -mlittle-endian -mcpu=v11.0 -mxl-soft-mul -Wl,--no-relax -ffunction-sections -fdata-sections -MMD -MP -MF"src/platform.d" -MT"src/platform.o" -o "src/platform.o" "../src/platform.c"
'Finished building: ../src/platform.c'
' '
'Building target: First.elf'
'Invoking: MicroBlaze gcc linker'
mb-gcc -Wl,-T -Wl,../src/lscript.ld -L../../First_bsp/microblaze_0/lib -mlittle-endian -mcpu=v11.0 -mxl-soft-mul -Wl,--no-relax -Wl,--gc-sections -o "First.elf"  ./src/helloworld.o ./src/platform.o   -Wl,--start-group,-lxil,-lgcc,-lc,--end-group
'Finished building target: First.elf'
' '
'Invoking: MicroBlaze Print Size'
mb-size First.elf  |tee "First.elf.size"
   text	   data	    bss	    dec	    hex	filename
   2712	    268	   3108	   6088	   17c8	First.elf
'Finished building: First.elf.size'
' '
20:47:51 **** Auto Build of configuration Debug for project First ****
make all 
make: Nothing to be done for 'all'.
17:22:48 **** Build of project First_bsp ****
make -k all 
"Running Make include in microblaze_0/libsrc/bram_v4_2/src"
make -C microblaze_0/libsrc/bram_v4_2/src -s include  "SHELL=CMD" "COMPILER=mb-gcc" "ARCHIVER=mb-ar" "COMPILER_FLAGS=  -O2 -c -mcpu=v11.0 -mlittle-endian -mxl-soft-mul" "EXTRA_COMPILER_FLAGS=-ffunction-sections -fdata-sections -Wall -Wextra"
"Running Make include in microblaze_0/libsrc/cpu_v2_8/src"
make -C microblaze_0/libsrc/cpu_v2_8/src -s include  "SHELL=CMD" "COMPILER=mb-gcc" "ARCHIVER=mb-ar" "COMPILER_FLAGS=  -O2 -c -mcpu=v11.0 -mlittle-endian -mxl-soft-mul" "EXTRA_COMPILER_FLAGS=-ffunction-sections -fdata-sections -Wall -Wextra"
"Running Make include in microblaze_0/libsrc/gpio_v4_3/src"
make -C microblaze_0/libsrc/gpio_v4_3/src -s include  "SHELL=CMD" "COMPILER=mb-gcc" "ARCHIVER=mb-ar" "COMPILER_FLAGS=  -O2 -c -mcpu=v11.0 -mlittle-endian -mxl-soft-mul" "EXTRA_COMPILER_FLAGS=-ffunction-sections -fdata-sections -Wall -Wextra"
"Running Make include in microblaze_0/libsrc/standalone_v6_8/src"
make -C microblaze_0/libsrc/standalone_v6_8/src -s include  "SHELL=CMD" "COMPILER=mb-gcc" "ARCHIVER=mb-ar" "COMPILER_FLAGS=  -O2 -c -mcpu=v11.0 -mlittle-endian -mxl-soft-mul" "EXTRA_COMPILER_FLAGS=-ffunction-sections -fdata-sections -Wall -Wextra"
"Running Make include in microblaze_0/libsrc/uartlite_v3_2/src"
make -C microblaze_0/libsrc/uartlite_v3_2/src -s include  "SHELL=CMD" "COMPILER=mb-gcc" "ARCHIVER=mb-ar" "COMPILER_FLAGS=  -O2 -c -mcpu=v11.0 -mlittle-endian -mxl-soft-mul" "EXTRA_COMPILER_FLAGS=-ffunction-sections -fdata-sections -Wall -Wextra"
"Running Make libs in microblaze_0/libsrc/bram_v4_2/src"
make -C microblaze_0/libsrc/bram_v4_2/src -s libs  "SHELL=CMD" "COMPILER=mb-gcc" "ARCHIVER=mb-ar" "COMPILER_FLAGS=  -O2 -c -mcpu=v11.0 -mlittle-endian -mxl-soft-mul" "EXTRA_COMPILER_FLAGS=-ffunction-sections -fdata-sections -Wall -Wextra"
"Compiling bram"
mb-ar: creating ../../../lib/libxil.a
"Running Make libs in microblaze_0/libsrc/cpu_v2_8/src"
make -C microblaze_0/libsrc/cpu_v2_8/src -s libs  "SHELL=CMD" "COMPILER=mb-gcc" "ARCHIVER=mb-ar" "COMPILER_FLAGS=  -O2 -c -mcpu=v11.0 -mlittle-endian -mxl-soft-mul" "EXTRA_COMPILER_FLAGS=-ffunction-sections -fdata-sections -Wall -Wextra"
"Compiling cpu"
"Running Make libs in microblaze_0/libsrc/gpio_v4_3/src"
make -C microblaze_0/libsrc/gpio_v4_3/src -s libs  "SHELL=CMD" "COMPILER=mb-gcc" "ARCHIVER=mb-ar" "COMPILER_FLAGS=  -O2 -c -mcpu=v11.0 -mlittle-endian -mxl-soft-mul" "EXTRA_COMPILER_FLAGS=-ffunction-sections -fdata-sections -Wall -Wextra"
"Compiling gpio"
"Running Make libs in microblaze_0/libsrc/standalone_v6_8/src"
make -C microblaze_0/libsrc/standalone_v6_8/src -s libs  "SHELL=CMD" "COMPILER=mb-gcc" "ARCHIVER=mb-ar" "COMPILER_FLAGS=  -O2 -c -mcpu=v11.0 -mlittle-endian -mxl-soft-mul" "EXTRA_COMPILER_FLAGS=-ffunction-sections -fdata-sections -Wall -Wextra"
"Compiling standalone";
microblaze_sleep.c:77:9: note: #pragma message: For the sleep routines, assembly instructions are used
 #pragma message ("For the sleep routines, assembly instructions are used")
         ^~~~~~~
"Running Make libs in microblaze_0/libsrc/uartlite_v3_2/src"
make -C microblaze_0/libsrc/uartlite_v3_2/src -s libs  "SHELL=CMD" "COMPILER=mb-gcc" "ARCHIVER=mb-ar" "COMPILER_FLAGS=  -O2 -c -mcpu=v11.0 -mlittle-endian -mxl-soft-mul" "EXTRA_COMPILER_FLAGS=-ffunction-sections -fdata-sections -Wall -Wextra"
"Compiling uartlite"
'Finished building libraries'
17:23:30 **** Build of configuration Debug for project First ****
make all 
'Building file: ../src/helloworld.c'
'Invoking: MicroBlaze gcc compiler'
mb-gcc -Wall -O0 -g3 -c -fmessage-length=0 -MT"src/helloworld.o" -I../../First_bsp/microblaze_0/include -mlittle-endian -mcpu=v11.0 -mxl-soft-mul -Wl,--no-relax -ffunction-sections -fdata-sections -MMD -MP -MF"src/helloworld.d" -MT"src/helloworld.o" -o "src/helloworld.o" "../src/helloworld.c"
'Finished building: ../src/helloworld.c'
' '
'Building file: ../src/platform.c'
'Invoking: MicroBlaze gcc compiler'
mb-gcc -Wall -O0 -g3 -c -fmessage-length=0 -MT"src/platform.o" -I../../First_bsp/microblaze_0/include -mlittle-endian -mcpu=v11.0 -mxl-soft-mul -Wl,--no-relax -ffunction-sections -fdata-sections -MMD -MP -MF"src/platform.d" -MT"src/platform.o" -o "src/platform.o" "../src/platform.c"
'Finished building: ../src/platform.c'
' '
'Building target: First.elf'
'Invoking: MicroBlaze gcc linker'
mb-gcc -Wl,-T -Wl,../src/lscript.ld -L../../First_bsp/microblaze_0/lib -mlittle-endian -mcpu=v11.0 -mxl-soft-mul -Wl,--no-relax -Wl,--gc-sections -o "First.elf"  ./src/helloworld.o ./src/platform.o   -Wl,--start-group,-lxil,-lgcc,-lc,--end-group
'Finished building target: First.elf'
' '
'Invoking: MicroBlaze Print Size'
mb-size First.elf  |tee "First.elf.size"
   text	   data	    bss	    dec	    hex	filename
   2712	    268	   3108	   6088	   17c8	First.elf
'Finished building: First.elf.size'
' '
17:58:57 **** Incremental Build of configuration Debug for project First ****
make all 
make: Nothing to be done for 'all'.
17:59:39 **** Incremental Build of configuration Debug for project First ****
make all 
make: Nothing to be done for 'all'.
18:00:13 **** Incremental Build of configuration Debug for project First ****
make all 
make: Nothing to be done for 'all'.
18:00:42 **** Incremental Build of configuration Debug for project First ****
make all 
make: Nothing to be done for 'all'.
18:01:24 **** Incremental Build of configuration Debug for project First ****
make all 
make: Nothing to be done for 'all'.
18:01:56 **** Auto Build of configuration Debug for project First ****
make all 
'Building file: ../src/helloworld.c'
'Invoking: MicroBlaze gcc compiler'
mb-gcc -Wall -O0 -g3 -c -fmessage-length=0 -MT"src/helloworld.o" -I../../First_bsp/microblaze_0/include -mlittle-endian -mcpu=v11.0 -mxl-soft-mul -Wl,--no-relax -ffunction-sections -fdata-sections -MMD -MP -MF"src/helloworld.d" -MT"src/helloworld.o" -o "src/helloworld.o" "../src/helloworld.c"
'Finished building: ../src/helloworld.c'
' '
'Building target: First.elf'
'Invoking: MicroBlaze gcc linker'
mb-gcc -Wl,-T -Wl,../src/lscript.ld -L../../First_bsp/microblaze_0/lib -mlittle-endian -mcpu=v11.0 -mxl-soft-mul -Wl,--no-relax -Wl,--gc-sections -o "First.elf"  ./src/helloworld.o ./src/platform.o   -Wl,--start-group,-lxil,-lgcc,-lc,--end-group
'Finished building target: First.elf'
' '
'Invoking: MicroBlaze Print Size'
mb-size First.elf  |tee "First.elf.size"
   text	   data	    bss	    dec	    hex	filename
   2712	    268	   3108	   6088	   17c8	First.elf
'Finished building: First.elf.size'
' '
18:02:27 **** Incremental Build of configuration Debug for project First ****
make all 
make: Nothing to be done for 'all'.
18:02:36 **** Auto Build of configuration Debug for project First ****
make all 
'Building file: ../src/helloworld.c'
'Invoking: MicroBlaze gcc compiler'
mb-gcc -Wall -O0 -g3 -c -fmessage-length=0 -MT"src/helloworld.o" -I../../First_bsp/microblaze_0/include -mlittle-endian -mcpu=v11.0 -mxl-soft-mul -Wl,--no-relax -ffunction-sections -fdata-sections -MMD -MP -MF"src/helloworld.d" -MT"src/helloworld.o" -o "src/helloworld.o" "../src/helloworld.c"
'Finished building: ../src/helloworld.c'
' '
'Building target: First.elf'
'Invoking: MicroBlaze gcc linker'
mb-gcc -Wl,-T -Wl,../src/lscript.ld -L../../First_bsp/microblaze_0/lib -mlittle-endian -mcpu=v11.0 -mxl-soft-mul -Wl,--no-relax -Wl,--gc-sections -o "First.elf"  ./src/helloworld.o ./src/platform.o   -Wl,--start-group,-lxil,-lgcc,-lc,--end-group
'Finished building target: First.elf'
' '
'Invoking: MicroBlaze Print Size'
mb-size First.elf  |tee "First.elf.size"
   text	   data	    bss	    dec	    hex	filename
   2712	    268	   3108	   6088	   17c8	First.elf
'Finished building: First.elf.size'
' '
19:57:45 **** Auto Build of configuration Debug for project First ****
make all 
'Building file: ../src/helloworld.c'
'Invoking: MicroBlaze gcc compiler'
mb-gcc -Wall -O0 -g3 -c -fmessage-length=0 -MT"src/helloworld.o" -I../../First_bsp/microblaze_0/include -mlittle-endian -mcpu=v11.0 -mxl-soft-mul -Wl,--no-relax -ffunction-sections -fdata-sections -MMD -MP -MF"src/helloworld.d" -MT"src/helloworld.o" -o "src/helloworld.o" "../src/helloworld.c"
../src/helloworld.c: In function 'main':
../src/helloworld.c:58:5: error: 'GPIO_0_conf' undeclared (first use in this function)
     GPIO_0_conf.BaseAddress = XPAR_AXI_GPIO_0_BASEADDR;
     ^~~~~~~~~~~
../src/helloworld.c:58:5: note: each undeclared identifier is reported only once for each function it appears in
make: *** [src/subdir.mk:26: src/helloworld.o] Error 1
19:58:07 **** Auto Build of configuration Debug for project First ****
make all 
'Building file: ../src/helloworld.c'
'Invoking: MicroBlaze gcc compiler'
mb-gcc -Wall -O0 -g3 -c -fmessage-length=0 -MT"src/helloworld.o" -I../../First_bsp/microblaze_0/include -mlittle-endian -mcpu=v11.0 -mxl-soft-mul -Wl,--no-relax -ffunction-sections -fdata-sections -MMD -MP -MF"src/helloworld.d" -MT"src/helloworld.o" -o "src/helloworld.o" "../src/helloworld.c"
../src/helloworld.c: In function 'main':
../src/helloworld.c:58:5: error: 'GPIO_0_conf' undeclared (first use in this function)
     GPIO_0_conf.BaseAddress = XPAR_AXI_GPIO_0_BASEADDR;
     ^~~~~~~~~~~
../src/helloworld.c:58:5: note: each undeclared identifier is reported only once for each function it appears in
make: *** [src/subdir.mk:26: src/helloworld.o] Error 1
00:12:18 **** Auto Build of configuration Debug for project First ****
make all 
'Building file: ../src/helloworld.c'
'Invoking: MicroBlaze gcc compiler'
mb-gcc -Wall -O0 -g3 -c -fmessage-length=0 -MT"src/helloworld.o" -I../../First_bsp/microblaze_0/include -mlittle-endian -mcpu=v11.0 -mxl-soft-mul -Wl,--no-relax -ffunction-sections -fdata-sections -MMD -MP -MF"src/helloworld.d" -MT"src/helloworld.o" -o "src/helloworld.o" "../src/helloworld.c"
'Finished building: ../src/helloworld.c'
' '
'Building target: First.elf'
'Invoking: MicroBlaze gcc linker'
mb-gcc -Wl,-T -Wl,../src/lscript.ld -L../../First_bsp/microblaze_0/lib -mlittle-endian -mcpu=v11.0 -mxl-soft-mul -Wl,--no-relax -Wl,--gc-sections -o "First.elf"  ./src/helloworld.o ./src/platform.o   -Wl,--start-group,-lxil,-lgcc,-lc,--end-group
'Finished building target: First.elf'
' '
'Invoking: MicroBlaze Print Size'
mb-size First.elf  |tee "First.elf.size"
   text	   data	    bss	    dec	    hex	filename
   2712	    268	   3108	   6088	   17c8	First.elf
'Finished building: First.elf.size'
' '
00:12:39 **** Incremental Build of configuration Debug for project First ****
make all 
make: Nothing to be done for 'all'.
00:16:07 **** Incremental Build of configuration Debug for project First ****
make all 
make: Nothing to be done for 'all'.
00:16:48 **** Incremental Build of configuration Debug for project First ****
make all 
make: Nothing to be done for 'all'.
00:17:56 **** Incremental Build of configuration Debug for project First ****
make all 
make: Nothing to be done for 'all'.
00:18:15 **** Auto Build of configuration Debug for project First ****
make all 
'Building file: ../src/helloworld.c'
'Invoking: MicroBlaze gcc compiler'
mb-gcc -Wall -O0 -g3 -c -fmessage-length=0 -MT"src/helloworld.o" -I../../First_bsp/microblaze_0/include -mlittle-endian -mcpu=v11.0 -mxl-soft-mul -Wl,--no-relax -ffunction-sections -fdata-sections -MMD -MP -MF"src/helloworld.d" -MT"src/helloworld.o" -o "src/helloworld.o" "../src/helloworld.c"
'Finished building: ../src/helloworld.c'
' '
'Building target: First.elf'
'Invoking: MicroBlaze gcc linker'
mb-gcc -Wl,-T -Wl,../src/lscript.ld -L../../First_bsp/microblaze_0/lib -mlittle-endian -mcpu=v11.0 -mxl-soft-mul -Wl,--no-relax -Wl,--gc-sections -o "First.elf"  ./src/helloworld.o ./src/platform.o   -Wl,--start-group,-lxil,-lgcc,-lc,--end-group
'Finished building target: First.elf'
' '
'Invoking: MicroBlaze Print Size'
mb-size First.elf  |tee "First.elf.size"
   text	   data	    bss	    dec	    hex	filename
   2716	    268	   3112	   6096	   17d0	First.elf
'Finished building: First.elf.size'
' '
00:23:22 **** Incremental Build of configuration Debug for project First ****
make all 
make: Nothing to be done for 'all'.
00:25:06 **** Incremental Build of configuration Debug for project First ****
make all 
make: Nothing to be done for 'all'.
00:25:30 **** Incremental Build of configuration Debug for project First ****
make all 
make: Nothing to be done for 'all'.
00:25:50 **** Incremental Build of configuration Debug for project First ****
make all 
make: Nothing to be done for 'all'.
00:30:13 **** Incremental Build of configuration Debug for project First ****
make all 
make: Nothing to be done for 'all'.
03:18:06 **** Incremental Build of configuration Debug for project First ****
make all 
make: Nothing to be done for 'all'.
20:43:13 **** Build of project First_bsp ****
make -k all 
"Running Make include in microblaze_0/libsrc/bram_v4_2/src"
make -C microblaze_0/libsrc/bram_v4_2/src -s include  "SHELL=CMD" "COMPILER=mb-gcc" "ARCHIVER=mb-ar" "COMPILER_FLAGS=  -O2 -c -mcpu=v11.0 -mlittle-endian -mxl-soft-mul" "EXTRA_COMPILER_FLAGS=-ffunction-sections -fdata-sections -Wall -Wextra"
"Running Make include in microblaze_0/libsrc/cpu_v2_8/src"
make -C microblaze_0/libsrc/cpu_v2_8/src -s include  "SHELL=CMD" "COMPILER=mb-gcc" "ARCHIVER=mb-ar" "COMPILER_FLAGS=  -O2 -c -mcpu=v11.0 -mlittle-endian -mxl-soft-mul" "EXTRA_COMPILER_FLAGS=-ffunction-sections -fdata-sections -Wall -Wextra"
"Running Make include in microblaze_0/libsrc/gpio_v4_3/src"
make -C microblaze_0/libsrc/gpio_v4_3/src -s include  "SHELL=CMD" "COMPILER=mb-gcc" "ARCHIVER=mb-ar" "COMPILER_FLAGS=  -O2 -c -mcpu=v11.0 -mlittle-endian -mxl-soft-mul" "EXTRA_COMPILER_FLAGS=-ffunction-sections -fdata-sections -Wall -Wextra"
"Running Make include in microblaze_0/libsrc/standalone_v6_8/src"
make -C microblaze_0/libsrc/standalone_v6_8/src -s include  "SHELL=CMD" "COMPILER=mb-gcc" "ARCHIVER=mb-ar" "COMPILER_FLAGS=  -O2 -c -mcpu=v11.0 -mlittle-endian -mxl-soft-mul" "EXTRA_COMPILER_FLAGS=-ffunction-sections -fdata-sections -Wall -Wextra"
"Running Make include in microblaze_0/libsrc/uartlite_v3_2/src"
make -C microblaze_0/libsrc/uartlite_v3_2/src -s include  "SHELL=CMD" "COMPILER=mb-gcc" "ARCHIVER=mb-ar" "COMPILER_FLAGS=  -O2 -c -mcpu=v11.0 -mlittle-endian -mxl-soft-mul" "EXTRA_COMPILER_FLAGS=-ffunction-sections -fdata-sections -Wall -Wextra"
"Running Make libs in microblaze_0/libsrc/bram_v4_2/src"
make -C microblaze_0/libsrc/bram_v4_2/src -s libs  "SHELL=CMD" "COMPILER=mb-gcc" "ARCHIVER=mb-ar" "COMPILER_FLAGS=  -O2 -c -mcpu=v11.0 -mlittle-endian -mxl-soft-mul" "EXTRA_COMPILER_FLAGS=-ffunction-sections -fdata-sections -Wall -Wextra"
"Compiling bram"
"Running Make libs in microblaze_0/libsrc/cpu_v2_8/src"
make -C microblaze_0/libsrc/cpu_v2_8/src -s libs  "SHELL=CMD" "COMPILER=mb-gcc" "ARCHIVER=mb-ar" "COMPILER_FLAGS=  -O2 -c -mcpu=v11.0 -mlittle-endian -mxl-soft-mul" "EXTRA_COMPILER_FLAGS=-ffunction-sections -fdata-sections -Wall -Wextra"
"Compiling cpu"
"Running Make libs in microblaze_0/libsrc/gpio_v4_3/src"
make -C microblaze_0/libsrc/gpio_v4_3/src -s libs  "SHELL=CMD" "COMPILER=mb-gcc" "ARCHIVER=mb-ar" "COMPILER_FLAGS=  -O2 -c -mcpu=v11.0 -mlittle-endian -mxl-soft-mul" "EXTRA_COMPILER_FLAGS=-ffunction-sections -fdata-sections -Wall -Wextra"
"Compiling gpio"
"Running Make libs in microblaze_0/libsrc/standalone_v6_8/src"
make -C microblaze_0/libsrc/standalone_v6_8/src -s libs  "SHELL=CMD" "COMPILER=mb-gcc" "ARCHIVER=mb-ar" "COMPILER_FLAGS=  -O2 -c -mcpu=v11.0 -mlittle-endian -mxl-soft-mul" "EXTRA_COMPILER_FLAGS=-ffunction-sections -fdata-sections -Wall -Wextra"
"Compiling standalone";
microblaze_sleep.c:77:9: note: #pragma message: For the sleep routines, assembly instructions are used
 #pragma message ("For the sleep routines, assembly instructions are used")
         ^~~~~~~
"Running Make libs in microblaze_0/libsrc/uartlite_v3_2/src"
make -C microblaze_0/libsrc/uartlite_v3_2/src -s libs  "SHELL=CMD" "COMPILER=mb-gcc" "ARCHIVER=mb-ar" "COMPILER_FLAGS=  -O2 -c -mcpu=v11.0 -mlittle-endian -mxl-soft-mul" "EXTRA_COMPILER_FLAGS=-ffunction-sections -fdata-sections -Wall -Wextra"
"Compiling uartlite"
'Finished building libraries'
20:43:41 **** Build of configuration Debug for project First ****
make all 
'Building file: ../src/helloworld.c'
'Invoking: MicroBlaze gcc compiler'
mb-gcc -Wall -O0 -g3 -c -fmessage-length=0 -MT"src/helloworld.o" -I../../First_bsp/microblaze_0/include -mlittle-endian -mcpu=v11.0 -mxl-soft-mul -Wl,--no-relax -ffunction-sections -fdata-sections -MMD -MP -MF"src/helloworld.d" -MT"src/helloworld.o" -o "src/helloworld.o" "../src/helloworld.c"
'Finished building: ../src/helloworld.c'
' '
'Building file: ../src/platform.c'
'Invoking: MicroBlaze gcc compiler'
mb-gcc -Wall -O0 -g3 -c -fmessage-length=0 -MT"src/platform.o" -I../../First_bsp/microblaze_0/include -mlittle-endian -mcpu=v11.0 -mxl-soft-mul -Wl,--no-relax -ffunction-sections -fdata-sections -MMD -MP -MF"src/platform.d" -MT"src/platform.o" -o "src/platform.o" "../src/platform.c"
'Finished building: ../src/platform.c'
' '
'Building target: First.elf'
'Invoking: MicroBlaze gcc linker'
mb-gcc -Wl,-T -Wl,../src/lscript.ld -L../../First_bsp/microblaze_0/lib -mlittle-endian -mcpu=v11.0 -mxl-soft-mul -Wl,--no-relax -Wl,--gc-sections -o "First.elf"  ./src/helloworld.o ./src/platform.o   -Wl,--start-group,-lxil,-lgcc,-lc,--end-group
'Finished building target: First.elf'
' '
'Invoking: MicroBlaze Print Size'
mb-size First.elf  |tee "First.elf.size"
   text	   data	    bss	    dec	    hex	filename
   2716	    268	   3112	   6096	   17d0	First.elf
'Finished building: First.elf.size'
' '
20:44:32 **** Auto Build of configuration Debug for project First ****
make all 
'Building file: ../src/helloworld.c'
'Invoking: MicroBlaze gcc compiler'
mb-gcc -Wall -O0 -g3 -c -fmessage-length=0 -MT"src/helloworld.o" -I../../First_bsp/microblaze_0/include -mlittle-endian -mcpu=v11.0 -mxl-soft-mul -Wl,--no-relax -ffunction-sections -fdata-sections -MMD -MP -MF"src/helloworld.d" -MT"src/helloworld.o" -o "src/helloworld.o" "../src/helloworld.c"
'Finished building: ../src/helloworld.c'
' '
'Building target: First.elf'
'Invoking: MicroBlaze gcc linker'
mb-gcc -Wl,-T -Wl,../src/lscript.ld -L../../First_bsp/microblaze_0/lib -mlittle-endian -mcpu=v11.0 -mxl-soft-mul -Wl,--no-relax -Wl,--gc-sections -o "First.elf"  ./src/helloworld.o ./src/platform.o   -Wl,--start-group,-lxil,-lgcc,-lc,--end-group
'Finished building target: First.elf'
' '
'Invoking: MicroBlaze Print Size'
mb-size First.elf  |tee "First.elf.size"
   text	   data	    bss	    dec	    hex	filename
   6884	    276	   3152	  10312	   2848	First.elf
'Finished building: First.elf.size'
' '
20:52:33 **** Incremental Build of configuration Debug for project First ****
make all 
make: Nothing to be done for 'all'.
20:53:28 **** Incremental Build of configuration Debug for project First ****
make all 
make: Nothing to be done for 'all'.
20:54:09 **** Incremental Build of configuration Debug for project First ****
make all 
make: Nothing to be done for 'all'.
20:55:52 **** Incremental Build of configuration Debug for project First ****
make all 
make: Nothing to be done for 'all'.
20:56:26 **** Auto Build of configuration Debug for project First ****
make all 
'Building file: ../src/helloworld.c'
'Invoking: MicroBlaze gcc compiler'
mb-gcc -Wall -O0 -g3 -c -fmessage-length=0 -MT"src/helloworld.o" -I../../First_bsp/microblaze_0/include -mlittle-endian -mcpu=v11.0 -mxl-soft-mul -Wl,--no-relax -ffunction-sections -fdata-sections -MMD -MP -MF"src/helloworld.d" -MT"src/helloworld.o" -o "src/helloworld.o" "../src/helloworld.c"
'Finished building: ../src/helloworld.c'
' '
'Building target: First.elf'
'Invoking: MicroBlaze gcc linker'
mb-gcc -Wl,-T -Wl,../src/lscript.ld -L../../First_bsp/microblaze_0/lib -mlittle-endian -mcpu=v11.0 -mxl-soft-mul -Wl,--no-relax -Wl,--gc-sections -o "First.elf"  ./src/helloworld.o ./src/platform.o   -Wl,--start-group,-lxil,-lgcc,-lc,--end-group
'Finished building target: First.elf'
' '
'Invoking: MicroBlaze Print Size'
mb-size First.elf  |tee "First.elf.size"
   text	   data	    bss	    dec	    hex	filename
   6988	    276	   3152	  10416	   28b0	First.elf
'Finished building: First.elf.size'
' '
20:56:36 **** Incremental Build of configuration Debug for project First ****
make all 
make: Nothing to be done for 'all'.
20:57:22 **** Incremental Build of configuration Debug for project First ****
make all 
make: Nothing to be done for 'all'.
20:57:55 **** Incremental Build of configuration Debug for project First ****
make all 
make: Nothing to be done for 'all'.
21:01:43 **** Incremental Build of configuration Debug for project First ****
make all 
make: Nothing to be done for 'all'.
21:07:54 **** Auto Build of configuration Debug for project First ****
make all 
'Building file: ../src/helloworld.c'
'Invoking: MicroBlaze gcc compiler'
mb-gcc -Wall -O0 -g3 -c -fmessage-length=0 -MT"src/helloworld.o" -I../../First_bsp/microblaze_0/include -mlittle-endian -mcpu=v11.0 -mxl-soft-mul -Wl,--no-relax -ffunction-sections -fdata-sections -MMD -MP -MF"src/helloworld.d" -MT"src/helloworld.o" -o "src/helloworld.o" "../src/helloworld.c"
'Finished building: ../src/helloworld.c'
' '
'Building target: First.elf'
'Invoking: MicroBlaze gcc linker'
mb-gcc -Wl,-T -Wl,../src/lscript.ld -L../../First_bsp/microblaze_0/lib -mlittle-endian -mcpu=v11.0 -mxl-soft-mul -Wl,--no-relax -Wl,--gc-sections -o "First.elf"  ./src/helloworld.o ./src/platform.o   -Wl,--start-group,-lxil,-lgcc,-lc,--end-group
'Finished building target: First.elf'
' '
'Invoking: MicroBlaze Print Size'
mb-size First.elf  |tee "First.elf.size"
   text	   data	    bss	    dec	    hex	filename
   6988	    276	   3152	  10416	   28b0	First.elf
'Finished building: First.elf.size'
' '
21:08:10 **** Incremental Build of configuration Debug for project First ****
make all 
make: Nothing to be done for 'all'.
21:08:45 **** Auto Build of configuration Debug for project First ****
make all 
'Building file: ../src/helloworld.c'
'Invoking: MicroBlaze gcc compiler'
mb-gcc -Wall -O0 -g3 -c -fmessage-length=0 -MT"src/helloworld.o" -I../../First_bsp/microblaze_0/include -mlittle-endian -mcpu=v11.0 -mxl-soft-mul -Wl,--no-relax -ffunction-sections -fdata-sections -MMD -MP -MF"src/helloworld.d" -MT"src/helloworld.o" -o "src/helloworld.o" "../src/helloworld.c"
../src/helloworld.c: In function 'main':
../src/helloworld.c:62:2: error: 'GPIO_0_conf' undeclared (first use in this function)
  GPIO_0_conf.BaseAddress = XPAR_AXI_GPIO_0_BASEADDR;
  ^~~~~~~~~~~
../src/helloworld.c:62:2: note: each undeclared identifier is reported only once for each function it appears in
../src/helloworld.c:67:23: error: 'GPIO_0' undeclared (first use in this function); did you mean 'XGPIO_H'?
  XGpio_CfgInitialize(&GPIO_0, &GPIO_0_conf, GPIO_0_conf.BaseAddress);
                       ^~~~~~
                       XGPIO_H
make: *** [src/subdir.mk:26: src/helloworld.o] Error 1
21:09:06 **** Auto Build of configuration Debug for project First ****
make all 
'Building file: ../src/helloworld.c'
'Invoking: MicroBlaze gcc compiler'
mb-gcc -Wall -O0 -g3 -c -fmessage-length=0 -MT"src/helloworld.o" -I../../First_bsp/microblaze_0/include -mlittle-endian -mcpu=v11.0 -mxl-soft-mul -Wl,--no-relax -ffunction-sections -fdata-sections -MMD -MP -MF"src/helloworld.d" -MT"src/helloworld.o" -o "src/helloworld.o" "../src/helloworld.c"
'Finished building: ../src/helloworld.c'
' '
'Building target: First.elf'
'Invoking: MicroBlaze gcc linker'
mb-gcc -Wl,-T -Wl,../src/lscript.ld -L../../First_bsp/microblaze_0/lib -mlittle-endian -mcpu=v11.0 -mxl-soft-mul -Wl,--no-relax -Wl,--gc-sections -o "First.elf"  ./src/helloworld.o ./src/platform.o   -Wl,--start-group,-lxil,-lgcc,-lc,--end-group
'Finished building target: First.elf'
' '
'Invoking: MicroBlaze Print Size'
mb-size First.elf  |tee "First.elf.size"
   text	   data	    bss	    dec	    hex	filename
   2716	    268	   3112	   6096	   17d0	First.elf
'Finished building: First.elf.size'
' '
21:09:12 **** Incremental Build of configuration Debug for project First ****
make all 
make: Nothing to be done for 'all'.
22:41:32 **** Incremental Build of configuration Debug for project First ****
make all 
make: Nothing to be done for 'all'.
22:42:21 **** Auto Build of configuration Debug for project First ****
make all 
'Building file: ../src/helloworld.c'
'Invoking: MicroBlaze gcc compiler'
mb-gcc -Wall -O0 -g3 -c -fmessage-length=0 -MT"src/helloworld.o" -I../../First_bsp/microblaze_0/include -mlittle-endian -mcpu=v11.0 -mxl-soft-mul -Wl,--no-relax -ffunction-sections -fdata-sections -MMD -MP -MF"src/helloworld.d" -MT"src/helloworld.o" -o "src/helloworld.o" "../src/helloworld.c"
../src/helloworld.c: In function 'main':
../src/helloworld.c:85:7: warning: implicit declaration of function 'init_platform' [-Wimplicit-function-declaration]
     */init_platform();
       ^~~~~~~~~~~~~
../src/helloworld.c:89:5: warning: implicit declaration of function 'cleanup_platform' [-Wimplicit-function-declaration]
     cleanup_platform();
     ^~~~~~~~~~~~~~~~
'Finished building: ../src/helloworld.c'
' '
'Building target: First.elf'
'Invoking: MicroBlaze gcc linker'
mb-gcc -Wl,-T -Wl,../src/lscript.ld -L../../First_bsp/microblaze_0/lib -mlittle-endian -mcpu=v11.0 -mxl-soft-mul -Wl,--no-relax -Wl,--gc-sections -o "First.elf"  ./src/helloworld.o ./src/platform.o   -Wl,--start-group,-lxil,-lgcc,-lc,--end-group
'Finished building target: First.elf'
' '
'Invoking: MicroBlaze Print Size'
mb-size First.elf  |tee "First.elf.size"
   text	   data	    bss	    dec	    hex	filename
   2716	    268	   3112	   6096	   17d0	First.elf
'Finished building: First.elf.size'
' '
22:42:30 **** Incremental Build of configuration Debug for project First ****
make all 
make: Nothing to be done for 'all'.
22:43:13 **** Incremental Build of configuration Debug for project First ****
make all 
make: Nothing to be done for 'all'.
22:43:39 **** Incremental Build of configuration Debug for project First ****
make all 
make: Nothing to be done for 'all'.
22:44:00 **** Auto Build of configuration Debug for project First ****
make all 
'Building file: ../src/helloworld.c'
'Invoking: MicroBlaze gcc compiler'
mb-gcc -Wall -O0 -g3 -c -fmessage-length=0 -MT"src/helloworld.o" -I../../First_bsp/microblaze_0/include -mlittle-endian -mcpu=v11.0 -mxl-soft-mul -Wl,--no-relax -ffunction-sections -fdata-sections -MMD -MP -MF"src/helloworld.d" -MT"src/helloworld.o" -o "src/helloworld.o" "../src/helloworld.c"
'Finished building: ../src/helloworld.c'
' '
'Building target: First.elf'
'Invoking: MicroBlaze gcc linker'
mb-gcc -Wl,-T -Wl,../src/lscript.ld -L../../First_bsp/microblaze_0/lib -mlittle-endian -mcpu=v11.0 -mxl-soft-mul -Wl,--no-relax -Wl,--gc-sections -o "First.elf"  ./src/helloworld.o ./src/platform.o   -Wl,--start-group,-lxil,-lgcc,-lc,--end-group
'Finished building target: First.elf'
' '
'Invoking: MicroBlaze Print Size'
mb-size First.elf  |tee "First.elf.size"
   text	   data	    bss	    dec	    hex	filename
   2716	    268	   3112	   6096	   17d0	First.elf
'Finished building: First.elf.size'
' '
22:44:17 **** Auto Build of configuration Debug for project First ****
make all 
'Building file: ../src/helloworld.c'
'Invoking: MicroBlaze gcc compiler'
mb-gcc -Wall -O0 -g3 -c -fmessage-length=0 -MT"src/helloworld.o" -I../../First_bsp/microblaze_0/include -mlittle-endian -mcpu=v11.0 -mxl-soft-mul -Wl,--no-relax -ffunction-sections -fdata-sections -MMD -MP -MF"src/helloworld.d" -MT"src/helloworld.o" -o "src/helloworld.o" "../src/helloworld.c"
'Finished building: ../src/helloworld.c'
' '
'Building target: First.elf'
'Invoking: MicroBlaze gcc linker'
mb-gcc -Wl,-T -Wl,../src/lscript.ld -L../../First_bsp/microblaze_0/lib -mlittle-endian -mcpu=v11.0 -mxl-soft-mul -Wl,--no-relax -Wl,--gc-sections -o "First.elf"  ./src/helloworld.o ./src/platform.o   -Wl,--start-group,-lxil,-lgcc,-lc,--end-group
'Finished building target: First.elf'
' '
'Invoking: MicroBlaze Print Size'
mb-size First.elf  |tee "First.elf.size"
   text	   data	    bss	    dec	    hex	filename
   2716	    268	   3112	   6096	   17d0	First.elf
'Finished building: First.elf.size'
' '
22:44:57 **** Incremental Build of configuration Debug for project First ****
make all 
make: Nothing to be done for 'all'.
22:45:10 **** Incremental Build of configuration Debug for project First ****
make all 
make: Nothing to be done for 'all'.
22:45:20 **** Incremental Build of configuration Debug for project First ****
make all 
make: Nothing to be done for 'all'.
22:47:02 **** Incremental Build of configuration Debug for project First ****
make all 
make: Nothing to be done for 'all'.
22:51:44 **** Incremental Build of configuration Debug for project First ****
make all 
make: Nothing to be done for 'all'.
22:52:54 **** Incremental Build of configuration Debug for project First ****
make all 
make: Nothing to be done for 'all'.
23:01:31 **** Incremental Build of configuration Debug for project First ****
make all 
make: Nothing to be done for 'all'.
23:02:42 **** Auto Build of configuration Debug for project First ****
make all 
'Building file: ../src/helloworld.c'
'Invoking: MicroBlaze gcc compiler'
mb-gcc -Wall -O0 -g3 -c -fmessage-length=0 -MT"src/helloworld.o" -I../../First_bsp/microblaze_0/include -mlittle-endian -mcpu=v11.0 -mxl-soft-mul -Wl,--no-relax -ffunction-sections -fdata-sections -MMD -MP -MF"src/helloworld.d" -MT"src/helloworld.o" -o "src/helloworld.o" "../src/helloworld.c"
../src/helloworld.c: In function 'main':
../src/helloworld.c:90:15: warning: "/*" within comment [-Wcomment]
     return 0; /**/
                
'Finished building: ../src/helloworld.c'
' '
'Building target: First.elf'
'Invoking: MicroBlaze gcc linker'
mb-gcc -Wl,-T -Wl,../src/lscript.ld -L../../First_bsp/microblaze_0/lib -mlittle-endian -mcpu=v11.0 -mxl-soft-mul -Wl,--no-relax -Wl,--gc-sections -o "First.elf"  ./src/helloworld.o ./src/platform.o   -Wl,--start-group,-lxil,-lgcc,-lc,--end-group
'Finished building target: First.elf'
' '
'Invoking: MicroBlaze Print Size'
mb-size First.elf  |tee "First.elf.size"
   text	   data	    bss	    dec	    hex	filename
   1952	    268	   3108	   5328	   14d0	First.elf
'Finished building: First.elf.size'
' '
23:02:51 **** Auto Build of configuration Debug for project First ****
make all 
'Building file: ../src/helloworld.c'
'Invoking: MicroBlaze gcc compiler'
mb-gcc -Wall -O0 -g3 -c -fmessage-length=0 -MT"src/helloworld.o" -I../../First_bsp/microblaze_0/include -mlittle-endian -mcpu=v11.0 -mxl-soft-mul -Wl,--no-relax -ffunction-sections -fdata-sections -MMD -MP -MF"src/helloworld.d" -MT"src/helloworld.o" -o "src/helloworld.o" "../src/helloworld.c"
../src/helloworld.c: In function 'main':
../src/helloworld.c:85:5: warning: "/*" within comment [-Wcomment]
     /*init_platform();
      
'Finished building: ../src/helloworld.c'
' '
'Building target: First.elf'
'Invoking: MicroBlaze gcc linker'
mb-gcc -Wl,-T -Wl,../src/lscript.ld -L../../First_bsp/microblaze_0/lib -mlittle-endian -mcpu=v11.0 -mxl-soft-mul -Wl,--no-relax -Wl,--gc-sections -o "First.elf"  ./src/helloworld.o ./src/platform.o   -Wl,--start-group,-lxil,-lgcc,-lc,--end-group
'Finished building target: First.elf'
' '
'Invoking: MicroBlaze Print Size'
mb-size First.elf  |tee "First.elf.size"
   text	   data	    bss	    dec	    hex	filename
   1952	    268	   3108	   5328	   14d0	First.elf
'Finished building: First.elf.size'
' '
23:02:59 **** Auto Build of configuration Debug for project First ****
make all 
'Building file: ../src/helloworld.c'
'Invoking: MicroBlaze gcc compiler'
mb-gcc -Wall -O0 -g3 -c -fmessage-length=0 -MT"src/helloworld.o" -I../../First_bsp/microblaze_0/include -mlittle-endian -mcpu=v11.0 -mxl-soft-mul -Wl,--no-relax -ffunction-sections -fdata-sections -MMD -MP -MF"src/helloworld.d" -MT"src/helloworld.o" -o "src/helloworld.o" "../src/helloworld.c"
../src/helloworld.c: In function 'main':
../src/helloworld.c:63:2: error: 'GPIO_0_conf' undeclared (first use in this function)
  GPIO_0_conf.BaseAddress = XPAR_AXI_GPIO_0_BASEADDR;
  ^~~~~~~~~~~
../src/helloworld.c:63:2: note: each undeclared identifier is reported only once for each function it appears in
../src/helloworld.c:68:23: error: 'GPIO_0' undeclared (first use in this function); did you mean 'XGPIO_H'?
  XGpio_CfgInitialize(&GPIO_0, &GPIO_0_conf, GPIO_0_conf.BaseAddress);
                       ^~~~~~
                       XGPIO_H
make: *** [src/subdir.mk:26: src/helloworld.o] Error 1
23:03:05 **** Incremental Build of configuration Debug for project First ****
make all 
'Building file: ../src/helloworld.c'
'Invoking: MicroBlaze gcc compiler'
mb-gcc -Wall -O0 -g3 -c -fmessage-length=0 -MT"src/helloworld.o" -I../../First_bsp/microblaze_0/include -mlittle-endian -mcpu=v11.0 -mxl-soft-mul -Wl,--no-relax -ffunction-sections -fdata-sections -MMD -MP -MF"src/helloworld.d" -MT"src/helloworld.o" -o "src/helloworld.o" "../src/helloworld.c"
../src/helloworld.c: In function 'main':
../src/helloworld.c:63:2: error: 'GPIO_0_conf' undeclared (first use in this function)
  GPIO_0_conf.BaseAddress = XPAR_AXI_GPIO_0_BASEADDR;
  ^~~~~~~~~~~
../src/helloworld.c:63:2: note: each undeclared identifier is reported only once for each function it appears in
../src/helloworld.c:68:23: error: 'GPIO_0' undeclared (first use in this function); did you mean 'XGPIO_H'?
  XGpio_CfgInitialize(&GPIO_0, &GPIO_0_conf, GPIO_0_conf.BaseAddress);
                       ^~~~~~
                       XGPIO_H
make: *** [src/subdir.mk:26: src/helloworld.o] Error 1
23:04:33 **** Auto Build of configuration Debug for project First ****
make all 
'Building file: ../src/helloworld.c'
'Invoking: MicroBlaze gcc compiler'
mb-gcc -Wall -O0 -g3 -c -fmessage-length=0 -MT"src/helloworld.o" -I../../First_bsp/microblaze_0/include -mlittle-endian -mcpu=v11.0 -mxl-soft-mul -Wl,--no-relax -ffunction-sections -fdata-sections -MMD -MP -MF"src/helloworld.d" -MT"src/helloworld.o" -o "src/helloworld.o" "../src/helloworld.c"
'Finished building: ../src/helloworld.c'
' '
'Building target: First.elf'
'Invoking: MicroBlaze gcc linker'
mb-gcc -Wl,-T -Wl,../src/lscript.ld -L../../First_bsp/microblaze_0/lib -mlittle-endian -mcpu=v11.0 -mxl-soft-mul -Wl,--no-relax -Wl,--gc-sections -o "First.elf"  ./src/helloworld.o ./src/platform.o   -Wl,--start-group,-lxil,-lgcc,-lc,--end-group
'Finished building target: First.elf'
' '
'Invoking: MicroBlaze Print Size'
mb-size First.elf  |tee "First.elf.size"
   text	   data	    bss	    dec	    hex	filename
   6988	    276	   3152	  10416	   28b0	First.elf
'Finished building: First.elf.size'
' '
23:04:48 **** Incremental Build of configuration Debug for project First ****
make all 
make: Nothing to be done for 'all'.
23:05:10 **** Incremental Build of configuration Debug for project First ****
make all 
make: Nothing to be done for 'all'.
01:03:44 **** Build of project teste_bsp ****
make -k all 
"Running Make include in microblaze_0/libsrc/bram_v4_2/src"
make -C microblaze_0/libsrc/bram_v4_2/src -s include  "SHELL=CMD" "COMPILER=mb-gcc" "ARCHIVER=mb-ar" "COMPILER_FLAGS=  -O2 -c -mcpu=v11.0 -mlittle-endian -mxl-soft-mul" "EXTRA_COMPILER_FLAGS=-ffunction-sections -fdata-sections -Wall -Wextra"
"Running Make include in microblaze_0/libsrc/cpu_v2_8/src"
make -C microblaze_0/libsrc/cpu_v2_8/src -s include  "SHELL=CMD" "COMPILER=mb-gcc" "ARCHIVER=mb-ar" "COMPILER_FLAGS=  -O2 -c -mcpu=v11.0 -mlittle-endian -mxl-soft-mul" "EXTRA_COMPILER_FLAGS=-ffunction-sections -fdata-sections -Wall -Wextra"
"Running Make include in microblaze_0/libsrc/gpio_v4_3/src"
make -C microblaze_0/libsrc/gpio_v4_3/src -s include  "SHELL=CMD" "COMPILER=mb-gcc" "ARCHIVER=mb-ar" "COMPILER_FLAGS=  -O2 -c -mcpu=v11.0 -mlittle-endian -mxl-soft-mul" "EXTRA_COMPILER_FLAGS=-ffunction-sections -fdata-sections -Wall -Wextra"
"Running Make include in microblaze_0/libsrc/standalone_v6_8/src"
make -C microblaze_0/libsrc/standalone_v6_8/src -s include  "SHELL=CMD" "COMPILER=mb-gcc" "ARCHIVER=mb-ar" "COMPILER_FLAGS=  -O2 -c -mcpu=v11.0 -mlittle-endian -mxl-soft-mul" "EXTRA_COMPILER_FLAGS=-ffunction-sections -fdata-sections -Wall -Wextra"
"Running Make include in microblaze_0/libsrc/uartlite_v3_2/src"
make -C microblaze_0/libsrc/uartlite_v3_2/src -s include  "SHELL=CMD" "COMPILER=mb-gcc" "ARCHIVER=mb-ar" "COMPILER_FLAGS=  -O2 -c -mcpu=v11.0 -mlittle-endian -mxl-soft-mul" "EXTRA_COMPILER_FLAGS=-ffunction-sections -fdata-sections -Wall -Wextra"
"Running Make libs in microblaze_0/libsrc/bram_v4_2/src"
make -C microblaze_0/libsrc/bram_v4_2/src -s libs  "SHELL=CMD" "COMPILER=mb-gcc" "ARCHIVER=mb-ar" "COMPILER_FLAGS=  -O2 -c -mcpu=v11.0 -mlittle-endian -mxl-soft-mul" "EXTRA_COMPILER_FLAGS=-ffunction-sections -fdata-sections -Wall -Wextra"
"Compiling bram"
mb-ar: creating ../../../lib/libxil.a
"Running Make libs in microblaze_0/libsrc/cpu_v2_8/src"
make -C microblaze_0/libsrc/cpu_v2_8/src -s libs  "SHELL=CMD" "COMPILER=mb-gcc" "ARCHIVER=mb-ar" "COMPILER_FLAGS=  -O2 -c -mcpu=v11.0 -mlittle-endian -mxl-soft-mul" "EXTRA_COMPILER_FLAGS=-ffunction-sections -fdata-sections -Wall -Wextra"
"Compiling cpu"
"Running Make libs in microblaze_0/libsrc/gpio_v4_3/src"
make -C microblaze_0/libsrc/gpio_v4_3/src -s libs  "SHELL=CMD" "COMPILER=mb-gcc" "ARCHIVER=mb-ar" "COMPILER_FLAGS=  -O2 -c -mcpu=v11.0 -mlittle-endian -mxl-soft-mul" "EXTRA_COMPILER_FLAGS=-ffunction-sections -fdata-sections -Wall -Wextra"
"Compiling gpio"
"Running Make libs in microblaze_0/libsrc/standalone_v6_8/src"
make -C microblaze_0/libsrc/standalone_v6_8/src -s libs  "SHELL=CMD" "COMPILER=mb-gcc" "ARCHIVER=mb-ar" "COMPILER_FLAGS=  -O2 -c -mcpu=v11.0 -mlittle-endian -mxl-soft-mul" "EXTRA_COMPILER_FLAGS=-ffunction-sections -fdata-sections -Wall -Wextra"
"Compiling standalone";
microblaze_sleep.c:77:9: note: #pragma message: For the sleep routines, assembly instructions are used
 #pragma message ("For the sleep routines, assembly instructions are used")
         ^~~~~~~
"Running Make libs in microblaze_0/libsrc/uartlite_v3_2/src"
make -C microblaze_0/libsrc/uartlite_v3_2/src -s libs  "SHELL=CMD" "COMPILER=mb-gcc" "ARCHIVER=mb-ar" "COMPILER_FLAGS=  -O2 -c -mcpu=v11.0 -mlittle-endian -mxl-soft-mul" "EXTRA_COMPILER_FLAGS=-ffunction-sections -fdata-sections -Wall -Wextra"
"Compiling uartlite"
'Finished building libraries'
01:04:12 **** Build of configuration Debug for project teste ****
make all 
'Building file: ../src/testperiph.c'
'Invoking: MicroBlaze gcc compiler'
mb-gcc -Wall -O0 -g3 -c -fmessage-length=0 -MT"src/testperiph.o" -I../../teste_bsp/microblaze_0/include -mlittle-endian -mcpu=v11.0 -mxl-soft-mul -Wl,--no-relax -ffunction-sections -fdata-sections -MMD -MP -MF"src/testperiph.d" -MT"src/testperiph.o" -o "src/testperiph.o" "../src/testperiph.c"
'Finished building: ../src/testperiph.c'
' '
'Building file: ../src/xgpio_tapp_example.c'
'Invoking: MicroBlaze gcc compiler'
mb-gcc -Wall -O0 -g3 -c -fmessage-length=0 -MT"src/xgpio_tapp_example.o" -I../../teste_bsp/microblaze_0/include -mlittle-endian -mcpu=v11.0 -mxl-soft-mul -Wl,--no-relax -ffunction-sections -fdata-sections -MMD -MP -MF"src/xgpio_tapp_example.d" -MT"src/xgpio_tapp_example.o" -o "src/xgpio_tapp_example.o" "../src/xgpio_tapp_example.c"
'Finished building: ../src/xgpio_tapp_example.c'
' '
'Building target: teste.elf'
'Invoking: MicroBlaze gcc linker'
mb-gcc -Wl,-T -Wl,../src/lscript.ld -L../../teste_bsp/microblaze_0/lib -mlittle-endian -mcpu=v11.0 -mxl-soft-mul -Wl,--no-relax -Wl,--gc-sections -o "teste.elf"  ./src/testperiph.o ./src/xgpio_tapp_example.o   -Wl,--start-group,-lxil,-lgcc,-lc,--end-group
'Finished building target: teste.elf'
' '
'Invoking: MicroBlaze Print Size'
mb-size teste.elf  |tee "teste.elf.size"
   text	   data	    bss	    dec	    hex	filename
   4244	    288	   3148	   7680	   1e00	teste.elf
'Finished building: teste.elf.size'
' '
01:04:17 **** Auto Build of configuration Debug for project teste ****
make all 
make: Nothing to be done for 'all'.
01:07:36 **** Auto Build of configuration Debug for project First ****
make all 
'Building file: ../src/helloworld.c'
'Invoking: MicroBlaze gcc compiler'
mb-gcc -Wall -O0 -g3 -c -fmessage-length=0 -MT"src/helloworld.o" -I../../First_bsp/microblaze_0/include -mlittle-endian -mcpu=v11.0 -mxl-soft-mul -Wl,--no-relax -ffunction-sections -fdata-sections -MMD -MP -MF"src/helloworld.d" -MT"src/helloworld.o" -o "src/helloworld.o" "../src/helloworld.c"
'Finished building: ../src/helloworld.c'
' '
'Building target: First.elf'
'Invoking: MicroBlaze gcc linker'
mb-gcc -Wl,-T -Wl,../src/lscript.ld -L../../First_bsp/microblaze_0/lib -mlittle-endian -mcpu=v11.0 -mxl-soft-mul -Wl,--no-relax -Wl,--gc-sections -o "First.elf"  ./src/helloworld.o ./src/platform.o   -Wl,--start-group,-lxil,-lgcc,-lc,--end-group
'Finished building target: First.elf'
' '
'Invoking: MicroBlaze Print Size'
mb-size First.elf  |tee "First.elf.size"
   text	   data	    bss	    dec	    hex	filename
   6988	    276	   3152	  10416	   28b0	First.elf
'Finished building: First.elf.size'
' '
01:07:55 **** Auto Build of configuration Debug for project First ****
make all 
'Building file: ../src/helloworld.c'
'Invoking: MicroBlaze gcc compiler'
mb-gcc -Wall -O0 -g3 -c -fmessage-length=0 -MT"src/helloworld.o" -I../../First_bsp/microblaze_0/include -mlittle-endian -mcpu=v11.0 -mxl-soft-mul -Wl,--no-relax -ffunction-sections -fdata-sections -MMD -MP -MF"src/helloworld.d" -MT"src/helloworld.o" -o "src/helloworld.o" "../src/helloworld.c"
'Finished building: ../src/helloworld.c'
' '
'Building target: First.elf'
'Invoking: MicroBlaze gcc linker'
mb-gcc -Wl,-T -Wl,../src/lscript.ld -L../../First_bsp/microblaze_0/lib -mlittle-endian -mcpu=v11.0 -mxl-soft-mul -Wl,--no-relax -Wl,--gc-sections -o "First.elf"  ./src/helloworld.o ./src/platform.o   -Wl,--start-group,-lxil,-lgcc,-lc,--end-group
'Finished building target: First.elf'
' '
'Invoking: MicroBlaze Print Size'
mb-size First.elf  |tee "First.elf.size"
   text	   data	    bss	    dec	    hex	filename
   7084	    276	   3152	  10512	   2910	First.elf
'Finished building: First.elf.size'
' '
01:08:13 **** Auto Build of configuration Debug for project First ****
make all 
'Building file: ../src/helloworld.c'
'Invoking: MicroBlaze gcc compiler'
mb-gcc -Wall -O0 -g3 -c -fmessage-length=0 -MT"src/helloworld.o" -I../../First_bsp/microblaze_0/include -mlittle-endian -mcpu=v11.0 -mxl-soft-mul -Wl,--no-relax -ffunction-sections -fdata-sections -MMD -MP -MF"src/helloworld.d" -MT"src/helloworld.o" -o "src/helloworld.o" "../src/helloworld.c"
'Finished building: ../src/helloworld.c'
' '
'Building target: First.elf'
'Invoking: MicroBlaze gcc linker'
mb-gcc -Wl,-T -Wl,../src/lscript.ld -L../../First_bsp/microblaze_0/lib -mlittle-endian -mcpu=v11.0 -mxl-soft-mul -Wl,--no-relax -Wl,--gc-sections -o "First.elf"  ./src/helloworld.o ./src/platform.o   -Wl,--start-group,-lxil,-lgcc,-lc,--end-group
'Finished building target: First.elf'
' '
'Invoking: MicroBlaze Print Size'
mb-size First.elf  |tee "First.elf.size"
   text	   data	    bss	    dec	    hex	filename
   7108	    276	   3152	  10536	   2928	First.elf
'Finished building: First.elf.size'
' '
01:08:22 **** Incremental Build of configuration Debug for project First ****
make all 
make: Nothing to be done for 'all'.
01:08:53 **** Auto Build of configuration Debug for project First ****
make all 
'Building file: ../src/helloworld.c'
'Invoking: MicroBlaze gcc compiler'
mb-gcc -Wall -O0 -g3 -c -fmessage-length=0 -MT"src/helloworld.o" -I../../First_bsp/microblaze_0/include -mlittle-endian -mcpu=v11.0 -mxl-soft-mul -Wl,--no-relax -ffunction-sections -fdata-sections -MMD -MP -MF"src/helloworld.d" -MT"src/helloworld.o" -o "src/helloworld.o" "../src/helloworld.c"
'Finished building: ../src/helloworld.c'
' '
'Building target: First.elf'
'Invoking: MicroBlaze gcc linker'
mb-gcc -Wl,-T -Wl,../src/lscript.ld -L../../First_bsp/microblaze_0/lib -mlittle-endian -mcpu=v11.0 -mxl-soft-mul -Wl,--no-relax -Wl,--gc-sections -o "First.elf"  ./src/helloworld.o ./src/platform.o   -Wl,--start-group,-lxil,-lgcc,-lc,--end-group
'Finished building target: First.elf'
' '
'Invoking: MicroBlaze Print Size'
mb-size First.elf  |tee "First.elf.size"
   text	   data	    bss	    dec	    hex	filename
   7048	    276	   3148	  10472	   28e8	First.elf
'Finished building: First.elf.size'
' '
01:08:56 **** Incremental Build of configuration Debug for project First ****
make all 
make: Nothing to be done for 'all'.
01:14:19 **** Incremental Build of configuration Debug for project First ****
make all 
make: Nothing to be done for 'all'.
01:14:34 **** Incremental Build of configuration Debug for project First ****
make all 
make: Nothing to be done for 'all'.
01:15:14 **** Incremental Build of configuration Debug for project First ****
make all 
make: Nothing to be done for 'all'.
01:17:08 **** Incremental Build of configuration Debug for project First ****
make all 
make: Nothing to be done for 'all'.
01:52:55 **** Incremental Build of configuration Debug for project First ****
make all 
make: Nothing to be done for 'all'.
01:56:59 **** Clean-only build of configuration Debug for project First ****
make clean 
rm -rf  ./src/helloworld.o ./src/platform.o  ./src/helloworld.d ./src/platform.d  First.elf.size  First.elf
' '
01:57:02 **** Clean-only build of project First_bsp ****
make -k clean 
make -C microblaze_0/libsrc/bram_v4_2/src -s clean 
make -C microblaze_0/libsrc/cpu_v2_8/src -s clean 
make -C microblaze_0/libsrc/gpio_v4_3/src -s clean 
make -C microblaze_0/libsrc/standalone_v6_8/src -s clean 
make -C microblaze_0/libsrc/uartlite_v3_2/src -s clean 
rm -f microblaze_0/lib/libxil.a
01:57:04 **** Build of project First_bsp ****
make -k all 
"Running Make include in microblaze_0/libsrc/bram_v4_2/src"
make -C microblaze_0/libsrc/bram_v4_2/src -s include  "SHELL=CMD" "COMPILER=mb-gcc" "ARCHIVER=mb-ar" "COMPILER_FLAGS=  -O2 -c -mcpu=v11.0 -mlittle-endian -mxl-soft-mul" "EXTRA_COMPILER_FLAGS=-ffunction-sections -fdata-sections -Wall -Wextra"
"Running Make include in microblaze_0/libsrc/cpu_v2_8/src"
make -C microblaze_0/libsrc/cpu_v2_8/src -s include  "SHELL=CMD" "COMPILER=mb-gcc" "ARCHIVER=mb-ar" "COMPILER_FLAGS=  -O2 -c -mcpu=v11.0 -mlittle-endian -mxl-soft-mul" "EXTRA_COMPILER_FLAGS=-ffunction-sections -fdata-sections -Wall -Wextra"
"Running Make include in microblaze_0/libsrc/gpio_v4_3/src"
make -C microblaze_0/libsrc/gpio_v4_3/src -s include  "SHELL=CMD" "COMPILER=mb-gcc" "ARCHIVER=mb-ar" "COMPILER_FLAGS=  -O2 -c -mcpu=v11.0 -mlittle-endian -mxl-soft-mul" "EXTRA_COMPILER_FLAGS=-ffunction-sections -fdata-sections -Wall -Wextra"
"Running Make include in microblaze_0/libsrc/standalone_v6_8/src"
make -C microblaze_0/libsrc/standalone_v6_8/src -s include  "SHELL=CMD" "COMPILER=mb-gcc" "ARCHIVER=mb-ar" "COMPILER_FLAGS=  -O2 -c -mcpu=v11.0 -mlittle-endian -mxl-soft-mul" "EXTRA_COMPILER_FLAGS=-ffunction-sections -fdata-sections -Wall -Wextra"
"Running Make include in microblaze_0/libsrc/uartlite_v3_2/src"
make -C microblaze_0/libsrc/uartlite_v3_2/src -s include  "SHELL=CMD" "COMPILER=mb-gcc" "ARCHIVER=mb-ar" "COMPILER_FLAGS=  -O2 -c -mcpu=v11.0 -mlittle-endian -mxl-soft-mul" "EXTRA_COMPILER_FLAGS=-ffunction-sections -fdata-sections -Wall -Wextra"
"Running Make libs in microblaze_0/libsrc/bram_v4_2/src"
make -C microblaze_0/libsrc/bram_v4_2/src -s libs  "SHELL=CMD" "COMPILER=mb-gcc" "ARCHIVER=mb-ar" "COMPILER_FLAGS=  -O2 -c -mcpu=v11.0 -mlittle-endian -mxl-soft-mul" "EXTRA_COMPILER_FLAGS=-ffunction-sections -fdata-sections -Wall -Wextra"
"Compiling bram"
mb-ar: creating ../../../lib/libxil.a
"Running Make libs in microblaze_0/libsrc/cpu_v2_8/src"
make -C microblaze_0/libsrc/cpu_v2_8/src -s libs  "SHELL=CMD" "COMPILER=mb-gcc" "ARCHIVER=mb-ar" "COMPILER_FLAGS=  -O2 -c -mcpu=v11.0 -mlittle-endian -mxl-soft-mul" "EXTRA_COMPILER_FLAGS=-ffunction-sections -fdata-sections -Wall -Wextra"
"Compiling cpu"
"Running Make libs in microblaze_0/libsrc/gpio_v4_3/src"
make -C microblaze_0/libsrc/gpio_v4_3/src -s libs  "SHELL=CMD" "COMPILER=mb-gcc" "ARCHIVER=mb-ar" "COMPILER_FLAGS=  -O2 -c -mcpu=v11.0 -mlittle-endian -mxl-soft-mul" "EXTRA_COMPILER_FLAGS=-ffunction-sections -fdata-sections -Wall -Wextra"
"Compiling gpio"
"Running Make libs in microblaze_0/libsrc/standalone_v6_8/src"
make -C microblaze_0/libsrc/standalone_v6_8/src -s libs  "SHELL=CMD" "COMPILER=mb-gcc" "ARCHIVER=mb-ar" "COMPILER_FLAGS=  -O2 -c -mcpu=v11.0 -mlittle-endian -mxl-soft-mul" "EXTRA_COMPILER_FLAGS=-ffunction-sections -fdata-sections -Wall -Wextra"
"Compiling standalone";
microblaze_sleep.c:77:9: note: #pragma message: For the sleep routines, assembly instructions are used
 #pragma message ("For the sleep routines, assembly instructions are used")
         ^~~~~~~
"Running Make libs in microblaze_0/libsrc/uartlite_v3_2/src"
make -C microblaze_0/libsrc/uartlite_v3_2/src -s libs  "SHELL=CMD" "COMPILER=mb-gcc" "ARCHIVER=mb-ar" "COMPILER_FLAGS=  -O2 -c -mcpu=v11.0 -mlittle-endian -mxl-soft-mul" "EXTRA_COMPILER_FLAGS=-ffunction-sections -fdata-sections -Wall -Wextra"
"Compiling uartlite"
'Finished building libraries'
01:57:22 **** Build of configuration Debug for project First ****
make all 
'Building file: ../src/helloworld.c'
'Invoking: MicroBlaze gcc compiler'
mb-gcc -Wall -O0 -g3 -c -fmessage-length=0 -MT"src/helloworld.o" -I../../First_bsp/microblaze_0/include -mlittle-endian -mcpu=v11.0 -mxl-soft-mul -Wl,--no-relax -ffunction-sections -fdata-sections -MMD -MP -MF"src/helloworld.d" -MT"src/helloworld.o" -o "src/helloworld.o" "../src/helloworld.c"
'Finished building: ../src/helloworld.c'
' '
'Building file: ../src/platform.c'
'Invoking: MicroBlaze gcc compiler'
mb-gcc -Wall -O0 -g3 -c -fmessage-length=0 -MT"src/platform.o" -I../../First_bsp/microblaze_0/include -mlittle-endian -mcpu=v11.0 -mxl-soft-mul -Wl,--no-relax -ffunction-sections -fdata-sections -MMD -MP -MF"src/platform.d" -MT"src/platform.o" -o "src/platform.o" "../src/platform.c"
'Finished building: ../src/platform.c'
' '
'Building target: First.elf'
'Invoking: MicroBlaze gcc linker'
mb-gcc -Wl,-T -Wl,../src/lscript.ld -L../../First_bsp/microblaze_0/lib -mlittle-endian -mcpu=v11.0 -mxl-soft-mul -Wl,--no-relax -Wl,--gc-sections -o "First.elf"  ./src/helloworld.o ./src/platform.o   -Wl,--start-group,-lxil,-lgcc,-lc,--end-group
'Finished building target: First.elf'
' '
'Invoking: MicroBlaze Print Size'
mb-size First.elf  |tee "First.elf.size"
   text	   data	    bss	    dec	    hex	filename
   7048	    276	   3148	  10472	   28e8	First.elf
'Finished building: First.elf.size'
' '
01:57:52 **** Incremental Build of configuration Debug for project First ****
make all 
make: Nothing to be done for 'all'.
03:00:36 **** Build of configuration Debug for project TestRead ****
make all 
'Building target: TestRead.elf'
'Invoking: MicroBlaze gcc linker'
mb-gcc -Wl,-T -Wl,../src/lscript.ld -L../../First_bsp/microblaze_0/lib -mlittle-endian -mcpu=v11.0 -mxl-soft-mul -Wl,--no-relax -Wl,--gc-sections -o "TestRead.elf"  ./src/helloworld.o ./src/platform.o   -Wl,--start-group,-lxil,-lgcc,-lc,--end-group
'Finished building target: TestRead.elf'
' '
'Invoking: MicroBlaze Print Size'
mb-size TestRead.elf  |tee "TestRead.elf.size"
   text	   data	    bss	    dec	    hex	filename
   7048	    276	   3148	  10472	   28e8	TestRead.elf
'Finished building: TestRead.elf.size'
' '
03:00:58 **** Clean-only build of configuration Debug for project TestRead ****
make clean 
rm -rf  ./src/helloworld.o ./src/platform.o  ./src/helloworld.d ./src/platform.d  TestRead.elf.size  TestRead.elf
' '
03:00:58 **** Auto Build of configuration Debug for project TestRead ****
make all 
'Building file: ../src/platform.c'
'Invoking: MicroBlaze gcc compiler'
mb-gcc -Wall -O0 -g3 -c -fmessage-length=0 -MT"src/platform.o" -I../../First_bsp/microblaze_0/include -mlittle-endian -mcpu=v11.0 -mxl-soft-mul -Wl,--no-relax -ffunction-sections -fdata-sections -MMD -MP -MF"src/platform.d" -MT"src/platform.o" -o "src/platform.o" "../src/platform.c"
'Finished building: ../src/platform.c'
' '
'Building file: ../src/test_read.c'
'Invoking: MicroBlaze gcc compiler'
mb-gcc -Wall -O0 -g3 -c -fmessage-length=0 -MT"src/test_read.o" -I../../First_bsp/microblaze_0/include -mlittle-endian -mcpu=v11.0 -mxl-soft-mul -Wl,--no-relax -ffunction-sections -fdata-sections -MMD -MP -MF"src/test_read.d" -MT"src/test_read.o" -o "src/test_read.o" "../src/test_read.c"
'Finished building: ../src/test_read.c'
' '
'Building target: TestRead.elf'
'Invoking: MicroBlaze gcc linker'
mb-gcc -Wl,-T -Wl,../src/lscript.ld -L../../First_bsp/microblaze_0/lib -mlittle-endian -mcpu=v11.0 -mxl-soft-mul -Wl,--no-relax -Wl,--gc-sections -o "TestRead.elf"  ./src/platform.o ./src/test_read.o   -Wl,--start-group,-lxil,-lgcc,-lc,--end-group
'Finished building target: TestRead.elf'
' '
'Invoking: MicroBlaze Print Size'
mb-size TestRead.elf  |tee "TestRead.elf.size"
   text	   data	    bss	    dec	    hex	filename
   7048	    276	   3148	  10472	   28e8	TestRead.elf
'Finished building: TestRead.elf.size'
' '
03:05:03 **** Auto Build of configuration Debug for project TestRead ****
make all 
'Building file: ../src/test_read.c'
'Invoking: MicroBlaze gcc compiler'
mb-gcc -Wall -O0 -g3 -c -fmessage-length=0 -MT"src/test_read.o" -I../../First_bsp/microblaze_0/include -mlittle-endian -mcpu=v11.0 -mxl-soft-mul -Wl,--no-relax -ffunction-sections -fdata-sections -MMD -MP -MF"src/test_read.d" -MT"src/test_read.o" -o "src/test_read.o" "../src/test_read.c"
'Finished building: ../src/test_read.c'
' '
'Building target: TestRead.elf'
'Invoking: MicroBlaze gcc linker'
mb-gcc -Wl,-T -Wl,../src/lscript.ld -L../../First_bsp/microblaze_0/lib -mlittle-endian -mcpu=v11.0 -mxl-soft-mul -Wl,--no-relax -Wl,--gc-sections -o "TestRead.elf"  ./src/platform.o ./src/test_read.o   -Wl,--start-group,-lxil,-lgcc,-lc,--end-group
'Finished building target: TestRead.elf'
' '
'Invoking: MicroBlaze Print Size'
mb-size TestRead.elf  |tee "TestRead.elf.size"
   text	   data	    bss	    dec	    hex	filename
   6944	    276	   3148	  10368	   2880	TestRead.elf
'Finished building: TestRead.elf.size'
' '
03:06:04 **** Auto Build of configuration Debug for project TestRead ****
make all 
'Building file: ../src/test_read.c'
'Invoking: MicroBlaze gcc compiler'
mb-gcc -Wall -O0 -g3 -c -fmessage-length=0 -MT"src/test_read.o" -I../../First_bsp/microblaze_0/include -mlittle-endian -mcpu=v11.0 -mxl-soft-mul -Wl,--no-relax -ffunction-sections -fdata-sections -MMD -MP -MF"src/test_read.d" -MT"src/test_read.o" -o "src/test_read.o" "../src/test_read.c"
'Finished building: ../src/test_read.c'
' '
'Building target: TestRead.elf'
'Invoking: MicroBlaze gcc linker'
mb-gcc -Wl,-T -Wl,../src/lscript.ld -L../../First_bsp/microblaze_0/lib -mlittle-endian -mcpu=v11.0 -mxl-soft-mul -Wl,--no-relax -Wl,--gc-sections -o "TestRead.elf"  ./src/platform.o ./src/test_read.o   -Wl,--start-group,-lxil,-lgcc,-lc,--end-group
'Finished building target: TestRead.elf'
' '
'Invoking: MicroBlaze Print Size'
mb-size TestRead.elf  |tee "TestRead.elf.size"
   text	   data	    bss	    dec	    hex	filename
   5880	    276	   3148	   9304	   2458	TestRead.elf
'Finished building: TestRead.elf.size'
' '
03:06:14 **** Auto Build of configuration Debug for project TestRead ****
make all 
'Building file: ../src/test_read.c'
'Invoking: MicroBlaze gcc compiler'
mb-gcc -Wall -O0 -g3 -c -fmessage-length=0 -MT"src/test_read.o" -I../../First_bsp/microblaze_0/include -mlittle-endian -mcpu=v11.0 -mxl-soft-mul -Wl,--no-relax -ffunction-sections -fdata-sections -MMD -MP -MF"src/test_read.d" -MT"src/test_read.o" -o "src/test_read.o" "../src/test_read.c"
'Finished building: ../src/test_read.c'
' '
'Building target: TestRead.elf'
'Invoking: MicroBlaze gcc linker'
mb-gcc -Wl,-T -Wl,../src/lscript.ld -L../../First_bsp/microblaze_0/lib -mlittle-endian -mcpu=v11.0 -mxl-soft-mul -Wl,--no-relax -Wl,--gc-sections -o "TestRead.elf"  ./src/platform.o ./src/test_read.o   -Wl,--start-group,-lxil,-lgcc,-lc,--end-group
'Finished building target: TestRead.elf'
' '
'Invoking: MicroBlaze Print Size'
mb-size TestRead.elf  |tee "TestRead.elf.size"
   text	   data	    bss	    dec	    hex	filename
   6212	    276	   3152	   9640	   25a8	TestRead.elf
'Finished building: TestRead.elf.size'
' '
03:06:55 **** Auto Build of configuration Debug for project TestRead ****
make all 
'Building file: ../src/test_read.c'
'Invoking: MicroBlaze gcc compiler'
mb-gcc -Wall -O0 -g3 -c -fmessage-length=0 -MT"src/test_read.o" -I../../First_bsp/microblaze_0/include -mlittle-endian -mcpu=v11.0 -mxl-soft-mul -Wl,--no-relax -ffunction-sections -fdata-sections -MMD -MP -MF"src/test_read.d" -MT"src/test_read.o" -o "src/test_read.o" "../src/test_read.c"
../src/test_read.c: In function 'main':
../src/test_read.c:78:2: error: expected ';' before '}' token
  }while(1==1);
  ^
../src/test_read.c:73:15: warning: variable 'val' set but not used [-Wunused-but-set-variable]
  unsigned int val;
               ^~~
make: *** [src/subdir.mk:26: src/test_read.o] Error 1
03:06:57 **** Auto Build of configuration Debug for project TestRead ****
make all 
'Building file: ../src/test_read.c'
'Invoking: MicroBlaze gcc compiler'
mb-gcc -Wall -O0 -g3 -c -fmessage-length=0 -MT"src/test_read.o" -I../../First_bsp/microblaze_0/include -mlittle-endian -mcpu=v11.0 -mxl-soft-mul -Wl,--no-relax -ffunction-sections -fdata-sections -MMD -MP -MF"src/test_read.d" -MT"src/test_read.o" -o "src/test_read.o" "../src/test_read.c"
../src/test_read.c: In function 'main':
../src/test_read.c:73:15: warning: variable 'val' set but not used [-Wunused-but-set-variable]
  unsigned int val;
               ^~~
'Finished building: ../src/test_read.c'
' '
'Building target: TestRead.elf'
'Invoking: MicroBlaze gcc linker'
mb-gcc -Wl,-T -Wl,../src/lscript.ld -L../../First_bsp/microblaze_0/lib -mlittle-endian -mcpu=v11.0 -mxl-soft-mul -Wl,--no-relax -Wl,--gc-sections -o "TestRead.elf"  ./src/platform.o ./src/test_read.o   -Wl,--start-group,-lxil,-lgcc,-lc,--end-group
'Finished building target: TestRead.elf'
' '
'Invoking: MicroBlaze Print Size'
mb-size TestRead.elf  |tee "TestRead.elf.size"
   text	   data	    bss	    dec	    hex	filename
   6180	    276	   3152	   9608	   2588	TestRead.elf
'Finished building: TestRead.elf.size'
' '
03:07:03 **** Auto Build of configuration Debug for project TestRead ****
make all 
'Building file: ../src/test_read.c'
'Invoking: MicroBlaze gcc compiler'
mb-gcc -Wall -O0 -g3 -c -fmessage-length=0 -MT"src/test_read.o" -I../../First_bsp/microblaze_0/include -mlittle-endian -mcpu=v11.0 -mxl-soft-mul -Wl,--no-relax -ffunction-sections -fdata-sections -MMD -MP -MF"src/test_read.d" -MT"src/test_read.o" -o "src/test_read.o" "../src/test_read.c"
../src/test_read.c: In function 'main':
../src/test_read.c:74:15: warning: unused variable 'prevVal' [-Wunused-variable]
  unsigned int prevVal;
               ^~~~~~~
../src/test_read.c:73:15: warning: variable 'val' set but not used [-Wunused-but-set-variable]
  unsigned int val;
               ^~~
'Finished building: ../src/test_read.c'
' '
'Building target: TestRead.elf'
'Invoking: MicroBlaze gcc linker'
mb-gcc -Wl,-T -Wl,../src/lscript.ld -L../../First_bsp/microblaze_0/lib -mlittle-endian -mcpu=v11.0 -mxl-soft-mul -Wl,--no-relax -Wl,--gc-sections -o "TestRead.elf"  ./src/platform.o ./src/test_read.o   -Wl,--start-group,-lxil,-lgcc,-lc,--end-group
'Finished building target: TestRead.elf'
' '
'Invoking: MicroBlaze Print Size'
mb-size TestRead.elf  |tee "TestRead.elf.size"
   text	   data	    bss	    dec	    hex	filename
   6180	    276	   3152	   9608	   2588	TestRead.elf
'Finished building: TestRead.elf.size'
' '
03:08:29 **** Auto Build of configuration Debug for project TestRead ****
make all 
'Building file: ../src/test_read.c'
'Invoking: MicroBlaze gcc compiler'
mb-gcc -Wall -O0 -g3 -c -fmessage-length=0 -MT"src/test_read.o" -I../../First_bsp/microblaze_0/include -mlittle-endian -mcpu=v11.0 -mxl-soft-mul -Wl,--no-relax -ffunction-sections -fdata-sections -MMD -MP -MF"src/test_read.d" -MT"src/test_read.o" -o "src/test_read.o" "../src/test_read.c"
../src/test_read.c: In function 'main':
../src/test_read.c:81:20: error: expected expression before ';' token
    prevVal = val = ;
                    ^
make: *** [src/subdir.mk:26: src/test_read.o] Error 1
03:08:32 **** Auto Build of configuration Debug for project TestRead ****
make all 
'Building file: ../src/test_read.c'
'Invoking: MicroBlaze gcc compiler'
mb-gcc -Wall -O0 -g3 -c -fmessage-length=0 -MT"src/test_read.o" -I../../First_bsp/microblaze_0/include -mlittle-endian -mcpu=v11.0 -mxl-soft-mul -Wl,--no-relax -ffunction-sections -fdata-sections -MMD -MP -MF"src/test_read.d" -MT"src/test_read.o" -o "src/test_read.o" "../src/test_read.c"
../src/test_read.c: In function 'main':
../src/test_read.c:81:20: error: expected expression before ';' token
    prevVal = val = ;
                    ^
make: *** [src/subdir.mk:26: src/test_read.o] Error 1
03:08:35 **** Auto Build of configuration Debug for project TestRead ****
make all 
'Building file: ../src/test_read.c'
'Invoking: MicroBlaze gcc compiler'
mb-gcc -Wall -O0 -g3 -c -fmessage-length=0 -MT"src/test_read.o" -I../../First_bsp/microblaze_0/include -mlittle-endian -mcpu=v11.0 -mxl-soft-mul -Wl,--no-relax -ffunction-sections -fdata-sections -MMD -MP -MF"src/test_read.d" -MT"src/test_read.o" -o "src/test_read.o" "../src/test_read.c"
'Finished building: ../src/test_read.c'
' '
'Building target: TestRead.elf'
'Invoking: MicroBlaze gcc linker'
mb-gcc -Wl,-T -Wl,../src/lscript.ld -L../../First_bsp/microblaze_0/lib -mlittle-endian -mcpu=v11.0 -mxl-soft-mul -Wl,--no-relax -Wl,--gc-sections -o "TestRead.elf"  ./src/platform.o ./src/test_read.o   -Wl,--start-group,-lxil,-lgcc,-lc,--end-group
'Finished building target: TestRead.elf'
' '
'Invoking: MicroBlaze Print Size'
mb-size TestRead.elf  |tee "TestRead.elf.size"
   text	   data	    bss	    dec	    hex	filename
   6204	    276	   3152	   9632	   25a0	TestRead.elf
'Finished building: TestRead.elf.size'
' '
03:08:53 **** Auto Build of configuration Debug for project TestRead ****
make all 
'Building file: ../src/test_read.c'
'Invoking: MicroBlaze gcc compiler'
mb-gcc -Wall -O0 -g3 -c -fmessage-length=0 -MT"src/test_read.o" -I../../First_bsp/microblaze_0/include -mlittle-endian -mcpu=v11.0 -mxl-soft-mul -Wl,--no-relax -ffunction-sections -fdata-sections -MMD -MP -MF"src/test_read.d" -MT"src/test_read.o" -o "src/test_read.o" "../src/test_read.c"
'Finished building: ../src/test_read.c'
' '
'Building target: TestRead.elf'
'Invoking: MicroBlaze gcc linker'
mb-gcc -Wl,-T -Wl,../src/lscript.ld -L../../First_bsp/microblaze_0/lib -mlittle-endian -mcpu=v11.0 -mxl-soft-mul -Wl,--no-relax -Wl,--gc-sections -o "TestRead.elf"  ./src/platform.o ./src/test_read.o   -Wl,--start-group,-lxil,-lgcc,-lc,--end-group
'Finished building target: TestRead.elf'
' '
'Invoking: MicroBlaze Print Size'
mb-size TestRead.elf  |tee "TestRead.elf.size"
   text	   data	    bss	    dec	    hex	filename
   6232	    276	   3148	   9656	   25b8	TestRead.elf
'Finished building: TestRead.elf.size'
' '
03:09:08 **** Auto Build of configuration Debug for project TestRead ****
make all 
'Building file: ../src/test_read.c'
'Invoking: MicroBlaze gcc compiler'
mb-gcc -Wall -O0 -g3 -c -fmessage-length=0 -MT"src/test_read.o" -I../../First_bsp/microblaze_0/include -mlittle-endian -mcpu=v11.0 -mxl-soft-mul -Wl,--no-relax -ffunction-sections -fdata-sections -MMD -MP -MF"src/test_read.d" -MT"src/test_read.o" -o "src/test_read.o" "../src/test_read.c"
'Finished building: ../src/test_read.c'
' '
'Building target: TestRead.elf'
'Invoking: MicroBlaze gcc linker'
mb-gcc -Wl,-T -Wl,../src/lscript.ld -L../../First_bsp/microblaze_0/lib -mlittle-endian -mcpu=v11.0 -mxl-soft-mul -Wl,--no-relax -Wl,--gc-sections -o "TestRead.elf"  ./src/platform.o ./src/test_read.o   -Wl,--start-group,-lxil,-lgcc,-lc,--end-group
'Finished building target: TestRead.elf'
' '
'Invoking: MicroBlaze Print Size'
mb-size TestRead.elf  |tee "TestRead.elf.size"
   text	   data	    bss	    dec	    hex	filename
   6740	    276	   3152	  10168	   27b8	TestRead.elf
'Finished building: TestRead.elf.size'
' '
03:10:29 **** Auto Build of configuration Debug for project TestRead ****
make all 
'Building file: ../src/test_read.c'
'Invoking: MicroBlaze gcc compiler'
mb-gcc -Wall -O0 -g3 -c -fmessage-length=0 -MT"src/test_read.o" -I../../First_bsp/microblaze_0/include -mlittle-endian -mcpu=v11.0 -mxl-soft-mul -Wl,--no-relax -ffunction-sections -fdata-sections -MMD -MP -MF"src/test_read.d" -MT"src/test_read.o" -o "src/test_read.o" "../src/test_read.c"
'Finished building: ../src/test_read.c'
' '
'Building target: TestRead.elf'
'Invoking: MicroBlaze gcc linker'
mb-gcc -Wl,-T -Wl,../src/lscript.ld -L../../First_bsp/microblaze_0/lib -mlittle-endian -mcpu=v11.0 -mxl-soft-mul -Wl,--no-relax -Wl,--gc-sections -o "TestRead.elf"  ./src/platform.o ./src/test_read.o   -Wl,--start-group,-lxil,-lgcc,-lc,--end-group
'Finished building target: TestRead.elf'
' '
'Invoking: MicroBlaze Print Size'
mb-size TestRead.elf  |tee "TestRead.elf.size"
   text	   data	    bss	    dec	    hex	filename
   6740	    276	   3152	  10168	   27b8	TestRead.elf
'Finished building: TestRead.elf.size'
' '
03:10:56 **** Auto Build of configuration Debug for project TestRead ****
make all 
'Building file: ../src/test_read.c'
'Invoking: MicroBlaze gcc compiler'
mb-gcc -Wall -O0 -g3 -c -fmessage-length=0 -MT"src/test_read.o" -I../../First_bsp/microblaze_0/include -mlittle-endian -mcpu=v11.0 -mxl-soft-mul -Wl,--no-relax -ffunction-sections -fdata-sections -MMD -MP -MF"src/test_read.d" -MT"src/test_read.o" -o "src/test_read.o" "../src/test_read.c"
'Finished building: ../src/test_read.c'
' '
'Building target: TestRead.elf'
'Invoking: MicroBlaze gcc linker'
mb-gcc -Wl,-T -Wl,../src/lscript.ld -L../../First_bsp/microblaze_0/lib -mlittle-endian -mcpu=v11.0 -mxl-soft-mul -Wl,--no-relax -Wl,--gc-sections -o "TestRead.elf"  ./src/platform.o ./src/test_read.o   -Wl,--start-group,-lxil,-lgcc,-lc,--end-group
'Finished building target: TestRead.elf'
' '
'Invoking: MicroBlaze Print Size'
mb-size TestRead.elf  |tee "TestRead.elf.size"
   text	   data	    bss	    dec	    hex	filename
   6768	    276	   3148	  10192	   27d0	TestRead.elf
'Finished building: TestRead.elf.size'
' '
03:11:01 **** Auto Build of configuration Debug for project TestRead ****
make all 
'Building file: ../src/test_read.c'
'Invoking: MicroBlaze gcc compiler'
mb-gcc -Wall -O0 -g3 -c -fmessage-length=0 -MT"src/test_read.o" -I../../First_bsp/microblaze_0/include -mlittle-endian -mcpu=v11.0 -mxl-soft-mul -Wl,--no-relax -ffunction-sections -fdata-sections -MMD -MP -MF"src/test_read.d" -MT"src/test_read.o" -o "src/test_read.o" "../src/test_read.c"
'Finished building: ../src/test_read.c'
' '
'Building target: TestRead.elf'
'Invoking: MicroBlaze gcc linker'
mb-gcc -Wl,-T -Wl,../src/lscript.ld -L../../First_bsp/microblaze_0/lib -mlittle-endian -mcpu=v11.0 -mxl-soft-mul -Wl,--no-relax -Wl,--gc-sections -o "TestRead.elf"  ./src/platform.o ./src/test_read.o   -Wl,--start-group,-lxil,-lgcc,-lc,--end-group
'Finished building target: TestRead.elf'
' '
'Invoking: MicroBlaze Print Size'
mb-size TestRead.elf  |tee "TestRead.elf.size"
   text	   data	    bss	    dec	    hex	filename
   6648	    276	   3148	  10072	   2758	TestRead.elf
'Finished building: TestRead.elf.size'
' '
03:11:08 **** Auto Build of configuration Debug for project TestRead ****
make all 
'Building file: ../src/test_read.c'
'Invoking: MicroBlaze gcc compiler'
mb-gcc -Wall -O0 -g3 -c -fmessage-length=0 -MT"src/test_read.o" -I../../First_bsp/microblaze_0/include -mlittle-endian -mcpu=v11.0 -mxl-soft-mul -Wl,--no-relax -ffunction-sections -fdata-sections -MMD -MP -MF"src/test_read.d" -MT"src/test_read.o" -o "src/test_read.o" "../src/test_read.c"
'Finished building: ../src/test_read.c'
' '
'Building target: TestRead.elf'
'Invoking: MicroBlaze gcc linker'
mb-gcc -Wl,-T -Wl,../src/lscript.ld -L../../First_bsp/microblaze_0/lib -mlittle-endian -mcpu=v11.0 -mxl-soft-mul -Wl,--no-relax -Wl,--gc-sections -o "TestRead.elf"  ./src/platform.o ./src/test_read.o   -Wl,--start-group,-lxil,-lgcc,-lc,--end-group
'Finished building target: TestRead.elf'
' '
'Invoking: MicroBlaze Print Size'
mb-size TestRead.elf  |tee "TestRead.elf.size"
   text	   data	    bss	    dec	    hex	filename
   6652	    276	   3152	  10080	   2760	TestRead.elf
'Finished building: TestRead.elf.size'
' '
03:11:12 **** Auto Build of configuration Debug for project TestRead ****
make all 
'Building file: ../src/test_read.c'
'Invoking: MicroBlaze gcc compiler'
mb-gcc -Wall -O0 -g3 -c -fmessage-length=0 -MT"src/test_read.o" -I../../First_bsp/microblaze_0/include -mlittle-endian -mcpu=v11.0 -mxl-soft-mul -Wl,--no-relax -ffunction-sections -fdata-sections -MMD -MP -MF"src/test_read.d" -MT"src/test_read.o" -o "src/test_read.o" "../src/test_read.c"
'Finished building: ../src/test_read.c'
' '
'Building target: TestRead.elf'
'Invoking: MicroBlaze gcc linker'
mb-gcc -Wl,-T -Wl,../src/lscript.ld -L../../First_bsp/microblaze_0/lib -mlittle-endian -mcpu=v11.0 -mxl-soft-mul -Wl,--no-relax -Wl,--gc-sections -o "TestRead.elf"  ./src/platform.o ./src/test_read.o   -Wl,--start-group,-lxil,-lgcc,-lc,--end-group
'Finished building target: TestRead.elf'
' '
'Invoking: MicroBlaze Print Size'
mb-size TestRead.elf  |tee "TestRead.elf.size"
   text	   data	    bss	    dec	    hex	filename
   6652	    276	   3152	  10080	   2760	TestRead.elf
'Finished building: TestRead.elf.size'
' '
03:11:17 **** Auto Build of configuration Debug for project TestRead ****
make all 
'Building file: ../src/test_read.c'
'Invoking: MicroBlaze gcc compiler'
mb-gcc -Wall -O0 -g3 -c -fmessage-length=0 -MT"src/test_read.o" -I../../First_bsp/microblaze_0/include -mlittle-endian -mcpu=v11.0 -mxl-soft-mul -Wl,--no-relax -ffunction-sections -fdata-sections -MMD -MP -MF"src/test_read.d" -MT"src/test_read.o" -o "src/test_read.o" "../src/test_read.c"
'Finished building: ../src/test_read.c'
' '
'Building target: TestRead.elf'
'Invoking: MicroBlaze gcc linker'
mb-gcc -Wl,-T -Wl,../src/lscript.ld -L../../First_bsp/microblaze_0/lib -mlittle-endian -mcpu=v11.0 -mxl-soft-mul -Wl,--no-relax -Wl,--gc-sections -o "TestRead.elf"  ./src/platform.o ./src/test_read.o   -Wl,--start-group,-lxil,-lgcc,-lc,--end-group
'Finished building target: TestRead.elf'
' '
'Invoking: MicroBlaze Print Size'
mb-size TestRead.elf  |tee "TestRead.elf.size"
   text	   data	    bss	    dec	    hex	filename
   6656	    276	   3148	  10080	   2760	TestRead.elf
'Finished building: TestRead.elf.size'
' '
03:11:25 **** Incremental Build of configuration Debug for project First ****
make all 
make: Nothing to be done for 'all'.
03:13:12 **** Clean-only build of configuration Debug for project TestRead ****
make clean 
rm -rf  ./src/platform.o ./src/test_read.o  ./src/platform.d ./src/test_read.d  TestRead.elf.size  TestRead.elf
' '
03:13:13 **** Auto Build of configuration Debug for project TestRead ****
make all 
'Building file: ../src/helloworld.c'
'Invoking: MicroBlaze gcc compiler'
mb-gcc -Wall -O0 -g3 -c -fmessage-length=0 -MT"src/helloworld.o" -I../../First_bsp/microblaze_0/include -mlittle-endian -mcpu=v11.0 -mxl-soft-mul -Wl,--no-relax -ffunction-sections -fdata-sections -MMD -MP -MF"src/helloworld.d" -MT"src/helloworld.o" -o "src/helloworld.o" "../src/helloworld.c"
'Finished building: ../src/helloworld.c'
' '
'Building file: ../src/platform.c'
'Invoking: MicroBlaze gcc compiler'
mb-gcc -Wall -O0 -g3 -c -fmessage-length=0 -MT"src/platform.o" -I../../First_bsp/microblaze_0/include -mlittle-endian -mcpu=v11.0 -mxl-soft-mul -Wl,--no-relax -ffunction-sections -fdata-sections -MMD -MP -MF"src/platform.d" -MT"src/platform.o" -o "src/platform.o" "../src/platform.c"
'Finished building: ../src/platform.c'
' '
'Building target: TestRead.elf'
'Invoking: MicroBlaze gcc linker'
mb-gcc -Wl,-T -Wl,../src/lscript.ld -L../../First_bsp/microblaze_0/lib -mlittle-endian -mcpu=v11.0 -mxl-soft-mul -Wl,--no-relax -Wl,--gc-sections -o "TestRead.elf"  ./src/helloworld.o ./src/platform.o   -Wl,--start-group,-lxil,-lgcc,-lc,--end-group
'Finished building target: TestRead.elf'
' '
'Invoking: MicroBlaze Print Size'
mb-size TestRead.elf  |tee "TestRead.elf.size"
   text	   data	    bss	    dec	    hex	filename
   6656	    276	   3148	  10080	   2760	TestRead.elf
'Finished building: TestRead.elf.size'
' '
03:21:55 **** Build of configuration Debug for project TestRead ****
make all 
'Building file: ../src/platform.c'
'Invoking: MicroBlaze gcc compiler'
mb-gcc -Wall -O0 -g3 -c -fmessage-length=0 -MT"src/platform.o" -I../../First_bsp/microblaze_0/include -mlittle-endian -mcpu=v11.0 -mxl-soft-mul -Wl,--no-relax -ffunction-sections -fdata-sections -MMD -MP -MF"src/platform.d" -MT"src/platform.o" -o "src/platform.o" "../src/platform.c"
'Finished building: ../src/platform.c'
' '
'Building file: ../src/testread.c'
'Invoking: MicroBlaze gcc compiler'
mb-gcc -Wall -O0 -g3 -c -fmessage-length=0 -MT"src/testread.o" -I../../First_bsp/microblaze_0/include -mlittle-endian -mcpu=v11.0 -mxl-soft-mul -Wl,--no-relax -ffunction-sections -fdata-sections -MMD -MP -MF"src/testread.d" -MT"src/testread.o" -o "src/testread.o" "../src/testread.c"
'Finished building: ../src/testread.c'
' '
'Building target: TestRead.elf'
'Invoking: MicroBlaze gcc linker'
mb-gcc -Wl,-T -Wl,../src/lscript.ld -L../../First_bsp/microblaze_0/lib -mlittle-endian -mcpu=v11.0 -mxl-soft-mul -Wl,--no-relax -Wl,--gc-sections -o "TestRead.elf"  ./src/platform.o ./src/testread.o   -Wl,--start-group,-lxil,-lgcc,-lc,--end-group
'Finished building target: TestRead.elf'
' '
'Invoking: MicroBlaze Print Size'
mb-size TestRead.elf  |tee "TestRead.elf.size"
   text	   data	    bss	    dec	    hex	filename
   6656	    276	   3148	  10080	   2760	TestRead.elf
'Finished building: TestRead.elf.size'
' '
03:22:08 **** Build of configuration Debug for project First ****
make all 
'Building file: ../src/helloworld.c'
'Invoking: MicroBlaze gcc compiler'
mb-gcc -Wall -O0 -g3 -c -fmessage-length=0 -MT"src/helloworld.o" -I../../First_bsp/microblaze_0/include -mlittle-endian -mcpu=v11.0 -mxl-soft-mul -Wl,--no-relax -ffunction-sections -fdata-sections -MMD -MP -MF"src/helloworld.d" -MT"src/helloworld.o" -o "src/helloworld.o" "../src/helloworld.c"
'Finished building: ../src/helloworld.c'
' '
'Building file: ../src/platform.c'
'Invoking: MicroBlaze gcc compiler'
mb-gcc -Wall -O0 -g3 -c -fmessage-length=0 -MT"src/platform.o" -I../../First_bsp/microblaze_0/include -mlittle-endian -mcpu=v11.0 -mxl-soft-mul -Wl,--no-relax -ffunction-sections -fdata-sections -MMD -MP -MF"src/platform.d" -MT"src/platform.o" -o "src/platform.o" "../src/platform.c"
'Finished building: ../src/platform.c'
' '
'Building target: First.elf'
'Invoking: MicroBlaze gcc linker'
[...]
../src/main_weights.c:89:15: warning: variable 'values' set but not used [-Wunused-but-set-variable]
  unsigned int values[NUM_VALUES];
               ^~~~~~
'Finished building: ../src/main_weights.c'
' '
'Building target: sort_weights.elf'
'Invoking: MicroBlaze gcc linker'
mb-gcc -Wl,-T -Wl,../src/lscript.ld -L../../sort_weights_bsp/microblaze_0/lib -mlittle-endian -mcpu=v11.0 -mxl-soft-mul -Wl,--no-relax -Wl,--gc-sections -o "sort_weights.elf"  ./src/main_weights.o ./src/platform.o   -Wl,--start-group,-lxil,-lgcc,-lc,--end-group
'Finished building target: sort_weights.elf'
' '
'Invoking: MicroBlaze Print Size'
mb-size sort_weights.elf  |tee "sort_weights.elf.size"
   text	   data	    bss	    dec	    hex	filename
   9296	    276	   3148	  12720	   31b0	sort_weights.elf
'Finished building: sort_weights.elf.size'
' '
04:32:20 **** Auto Build of configuration Debug for project sort_weights ****
make all 
'Building file: ../src/main_weights.c'
'Invoking: MicroBlaze gcc compiler'
mb-gcc -Wall -O0 -g3 -c -fmessage-length=0 -MT"src/main_weights.o" -I../../sort_weights_bsp/microblaze_0/include -mlittle-endian -mcpu=v11.0 -mxl-soft-mul -Wl,--no-relax -ffunction-sections -fdata-sections -MMD -MP -MF"src/main_weights.d" -MT"src/main_weights.o" -o "src/main_weights.o" "../src/main_weights.c"
../src/main_weights.c: In function 'main':
../src/main_weights.c:91:15: warning: unused variable 'sortedWeights' [-Wunused-variable]
  unsigned int sortedWeights[NUM_VALUES];
               ^~~~~~~~~~~~~
../src/main_weights.c:90:15: warning: variable 'weights' set but not used [-Wunused-but-set-variable]
  unsigned int weights[NUM_VALUES];
               ^~~~~~~
../src/main_weights.c:89:15: warning: variable 'values' set but not used [-Wunused-but-set-variable]
  unsigned int values[NUM_VALUES];
               ^~~~~~
'Finished building: ../src/main_weights.c'
' '
'Building target: sort_weights.elf'
'Invoking: MicroBlaze gcc linker'
mb-gcc -Wl,-T -Wl,../src/lscript.ld -L../../sort_weights_bsp/microblaze_0/lib -mlittle-endian -mcpu=v11.0 -mxl-soft-mul -Wl,--no-relax -Wl,--gc-sections -o "sort_weights.elf"  ./src/main_weights.o ./src/platform.o   -Wl,--start-group,-lxil,-lgcc,-lc,--end-group
'Finished building target: sort_weights.elf'
' '
'Invoking: MicroBlaze Print Size'
mb-size sort_weights.elf  |tee "sort_weights.elf.size"
   text	   data	    bss	    dec	    hex	filename
   9324	    276	   3152	  12752	   31d0	sort_weights.elf
'Finished building: sort_weights.elf.size'
' '
04:32:31 **** Auto Build of configuration Debug for project sort_weights ****
make all 
'Building file: ../src/main_weights.c'
'Invoking: MicroBlaze gcc compiler'
mb-gcc -Wall -O0 -g3 -c -fmessage-length=0 -MT"src/main_weights.o" -I../../sort_weights_bsp/microblaze_0/include -mlittle-endian -mcpu=v11.0 -mxl-soft-mul -Wl,--no-relax -ffunction-sections -fdata-sections -MMD -MP -MF"src/main_weights.d" -MT"src/main_weights.o" -o "src/main_weights.o" "../src/main_weights.c"
../src/main_weights.c: In function 'main':
../src/main_weights.c:166:3: error: 'sorted' undeclared (first use in this function); did you mean 'strtod'?
   sorted[i] = weight;
   ^~~~~~
   strtod
../src/main_weights.c:166:3: note: each undeclared identifier is reported only once for each function it appears in
../src/main_weights.c:91:15: warning: unused variable 'sortedWeights' [-Wunused-variable]
  unsigned int sortedWeights[NUM_VALUES];
               ^~~~~~~~~~~~~
../src/main_weights.c:90:15: warning: variable 'weights' set but not used [-Wunused-but-set-variable]
  unsigned int weights[NUM_VALUES];
               ^~~~~~~
../src/main_weights.c:89:15: warning: variable 'values' set but not used [-Wunused-but-set-variable]
  unsigned int values[NUM_VALUES];
               ^~~~~~
make: *** [src/subdir.mk:26: src/main_weights.o] Error 1
04:32:40 **** Auto Build of configuration Debug for project sort_weights ****
make all 
'Building file: ../src/main_weights.c'
'Invoking: MicroBlaze gcc compiler'
mb-gcc -Wall -O0 -g3 -c -fmessage-length=0 -MT"src/main_weights.o" -I../../sort_weights_bsp/microblaze_0/include -mlittle-endian -mcpu=v11.0 -mxl-soft-mul -Wl,--no-relax -ffunction-sections -fdata-sections -MMD -MP -MF"src/main_weights.d" -MT"src/main_weights.o" -o "src/main_weights.o" "../src/main_weights.c"
../src/main_weights.c: In function 'main':
../src/main_weights.c:91:15: warning: variable 'sortedWeights' set but not used [-Wunused-but-set-variable]
  unsigned int sortedWeights[NUM_VALUES];
               ^~~~~~~~~~~~~
../src/main_weights.c:90:15: warning: variable 'weights' set but not used [-Wunused-but-set-variable]
  unsigned int weights[NUM_VALUES];
               ^~~~~~~
../src/main_weights.c:89:15: warning: variable 'values' set but not used [-Wunused-but-set-variable]
  unsigned int values[NUM_VALUES];
               ^~~~~~
'Finished building: ../src/main_weights.c'
' '
'Building target: sort_weights.elf'
'Invoking: MicroBlaze gcc linker'
mb-gcc -Wl,-T -Wl,../src/lscript.ld -L../../sort_weights_bsp/microblaze_0/lib -mlittle-endian -mcpu=v11.0 -mxl-soft-mul -Wl,--no-relax -Wl,--gc-sections -o "sort_weights.elf"  ./src/main_weights.o ./src/platform.o   -Wl,--start-group,-lxil,-lgcc,-lc,--end-group
'Finished building target: sort_weights.elf'
' '
'Invoking: MicroBlaze Print Size'
mb-size sort_weights.elf  |tee "sort_weights.elf.size"
   text	   data	    bss	    dec	    hex	filename
   9352	    276	   3148	  12776	   31e8	sort_weights.elf
'Finished building: sort_weights.elf.size'
' '
04:33:00 **** Auto Build of configuration Debug for project sort_weights ****
make all 
'Building file: ../src/main_weights.c'
'Invoking: MicroBlaze gcc compiler'
mb-gcc -Wall -O0 -g3 -c -fmessage-length=0 -MT"src/main_weights.o" -I../../sort_weights_bsp/microblaze_0/include -mlittle-endian -mcpu=v11.0 -mxl-soft-mul -Wl,--no-relax -ffunction-sections -fdata-sections -MMD -MP -MF"src/main_weights.d" -MT"src/main_weights.o" -o "src/main_weights.o" "../src/main_weights.c"
../src/main_weights.c: In function 'main':
../src/main_weights.c:91:15: warning: variable 'sortedWeights' set but not used [-Wunused-but-set-variable]
  unsigned int sortedWeights[NUM_VALUES];
               ^~~~~~~~~~~~~
../src/main_weights.c:90:15: warning: variable 'weights' set but not used [-Wunused-but-set-variable]
  unsigned int weights[NUM_VALUES];
               ^~~~~~~
../src/main_weights.c:89:15: warning: variable 'values' set but not used [-Wunused-but-set-variable]
  unsigned int values[NUM_VALUES];
               ^~~~~~
'Finished building: ../src/main_weights.c'
' '
'Building target: sort_weights.elf'
'Invoking: MicroBlaze gcc linker'
mb-gcc -Wl,-T -Wl,../src/lscript.ld -L../../sort_weights_bsp/microblaze_0/lib -mlittle-endian -mcpu=v11.0 -mxl-soft-mul -Wl,--no-relax -Wl,--gc-sections -o "sort_weights.elf"  ./src/main_weights.o ./src/platform.o   -Wl,--start-group,-lxil,-lgcc,-lc,--end-group
'Finished building target: sort_weights.elf'
' '
'Invoking: MicroBlaze Print Size'
mb-size sort_weights.elf  |tee "sort_weights.elf.size"
   text	   data	    bss	    dec	    hex	filename
   9352	    276	   3148	  12776	   31e8	sort_weights.elf
'Finished building: sort_weights.elf.size'
' '
04:35:08 **** Auto Build of configuration Debug for project sort_weights ****
make all 
'Building file: ../src/main_weights.c'
'Invoking: MicroBlaze gcc compiler'
mb-gcc -Wall -O0 -g3 -c -fmessage-length=0 -MT"src/main_weights.o" -I../../sort_weights_bsp/microblaze_0/include -mlittle-endian -mcpu=v11.0 -mxl-soft-mul -Wl,--no-relax -ffunction-sections -fdata-sections -MMD -MP -MF"src/main_weights.d" -MT"src/main_weights.o" -o "src/main_weights.o" "../src/main_weights.c"
../src/main_weights.c: In function 'main':
../src/main_weights.c:175:2: error: expected ';' before 'for'
  for (int i = 0; i < 99; i++)
  ^~~
../src/main_weights.c:91:15: warning: variable 'sortedWeights' set but not used [-Wunused-but-set-variable]
  unsigned int sortedWeights[NUM_VALUES];
               ^~~~~~~~~~~~~
../src/main_weights.c:90:15: warning: variable 'weights' set but not used [-Wunused-but-set-variable]
  unsigned int weights[NUM_VALUES];
               ^~~~~~~
../src/main_weights.c:89:15: warning: variable 'values' set but not used [-Wunused-but-set-variable]
  unsigned int values[NUM_VALUES];
               ^~~~~~
make: *** [src/subdir.mk:26: src/main_weights.o] Error 1
04:36:13 **** Auto Build of configuration Debug for project sort_weights ****
make all 
'Building file: ../src/main_weights.c'
'Invoking: MicroBlaze gcc compiler'
mb-gcc -Wall -O0 -g3 -c -fmessage-length=0 -MT"src/main_weights.o" -I../../sort_weights_bsp/microblaze_0/include -mlittle-endian -mcpu=v11.0 -mxl-soft-mul -Wl,--no-relax -ffunction-sections -fdata-sections -MMD -MP -MF"src/main_weights.d" -MT"src/main_weights.o" -o "src/main_weights.o" "../src/main_weights.c"
'Finished building: ../src/main_weights.c'
' '
'Building target: sort_weights.elf'
'Invoking: MicroBlaze gcc linker'
mb-gcc -Wl,-T -Wl,../src/lscript.ld -L../../sort_weights_bsp/microblaze_0/lib -mlittle-endian -mcpu=v11.0 -mxl-soft-mul -Wl,--no-relax -Wl,--gc-sections -o "sort_weights.elf"  ./src/main_weights.o ./src/platform.o   -Wl,--start-group,-lxil,-lgcc,-lc,--end-group
'Finished building target: sort_weights.elf'
' '
'Invoking: MicroBlaze Print Size'
mb-size sort_weights.elf  |tee "sort_weights.elf.size"
   text	   data	    bss	    dec	    hex	filename
   9548	    276	   3152	  12976	   32b0	sort_weights.elf
'Finished building: sort_weights.elf.size'
' '
04:37:14 **** Auto Build of configuration Debug for project sort_weights ****
make all 
'Building file: ../src/main_weights.c'
'Invoking: MicroBlaze gcc compiler'
mb-gcc -Wall -O0 -g3 -c -fmessage-length=0 -MT"src/main_weights.o" -I../../sort_weights_bsp/microblaze_0/include -mlittle-endian -mcpu=v11.0 -mxl-soft-mul -Wl,--no-relax -ffunction-sections -fdata-sections -MMD -MP -MF"src/main_weights.d" -MT"src/main_weights.o" -o "src/main_weights.o" "../src/main_weights.c"
'Finished building: ../src/main_weights.c'
' '
'Building target: sort_weights.elf'
'Invoking: MicroBlaze gcc linker'
mb-gcc -Wl,-T -Wl,../src/lscript.ld -L../../sort_weights_bsp/microblaze_0/lib -mlittle-endian -mcpu=v11.0 -mxl-soft-mul -Wl,--no-relax -Wl,--gc-sections -o "sort_weights.elf"  ./src/main_weights.o ./src/platform.o   -Wl,--start-group,-lxil,-lgcc,-lc,--end-group
'Finished building target: sort_weights.elf'
' '
'Invoking: MicroBlaze Print Size'
mb-size sort_weights.elf  |tee "sort_weights.elf.size"
   text	   data	    bss	    dec	    hex	filename
   9552	    276	   3148	  12976	   32b0	sort_weights.elf
'Finished building: sort_weights.elf.size'
' '
04:37:17 **** Incremental Build of configuration Debug for project sort_weights ****
make all 
make: Nothing to be done for 'all'.
04:38:09 **** Auto Build of configuration Debug for project sort_weights ****
make all 
'Building file: ../src/main_weights.c'
'Invoking: MicroBlaze gcc compiler'
mb-gcc -Wall -O0 -g3 -c -fmessage-length=0 -MT"src/main_weights.o" -I../../sort_weights_bsp/microblaze_0/include -mlittle-endian -mcpu=v11.0 -mxl-soft-mul -Wl,--no-relax -ffunction-sections -fdata-sections -MMD -MP -MF"src/main_weights.d" -MT"src/main_weights.o" -o "src/main_weights.o" "../src/main_weights.c"
'Finished building: ../src/main_weights.c'
' '
'Building target: sort_weights.elf'
'Invoking: MicroBlaze gcc linker'
mb-gcc -Wl,-T -Wl,../src/lscript.ld -L../../sort_weights_bsp/microblaze_0/lib -mlittle-endian -mcpu=v11.0 -mxl-soft-mul -Wl,--no-relax -Wl,--gc-sections -o "sort_weights.elf"  ./src/main_weights.o ./src/platform.o   -Wl,--start-group,-lxil,-lgcc,-lc,--end-group
'Finished building target: sort_weights.elf'
' '
'Invoking: MicroBlaze Print Size'
mb-size sort_weights.elf  |tee "sort_weights.elf.size"
   text	   data	    bss	    dec	    hex	filename
   9556	    276	   3152	  12984	   32b8	sort_weights.elf
'Finished building: sort_weights.elf.size'
' '
04:38:46 **** Auto Build of configuration Debug for project sort_weights ****
make all 
'Building file: ../src/main_weights.c'
'Invoking: MicroBlaze gcc compiler'
mb-gcc -Wall -O0 -g3 -c -fmessage-length=0 -MT"src/main_weights.o" -I../../sort_weights_bsp/microblaze_0/include -mlittle-endian -mcpu=v11.0 -mxl-soft-mul -Wl,--no-relax -ffunction-sections -fdata-sections -MMD -MP -MF"src/main_weights.d" -MT"src/main_weights.o" -o "src/main_weights.o" "../src/main_weights.c"
'Finished building: ../src/main_weights.c'
' '
'Building target: sort_weights.elf'
'Invoking: MicroBlaze gcc linker'
mb-gcc -Wl,-T -Wl,../src/lscript.ld -L../../sort_weights_bsp/microblaze_0/lib -mlittle-endian -mcpu=v11.0 -mxl-soft-mul -Wl,--no-relax -Wl,--gc-sections -o "sort_weights.elf"  ./src/main_weights.o ./src/platform.o   -Wl,--start-group,-lxil,-lgcc,-lc,--end-group
'Finished building target: sort_weights.elf'
' '
'Invoking: MicroBlaze Print Size'
mb-size sort_weights.elf  |tee "sort_weights.elf.size"
   text	   data	    bss	    dec	    hex	filename
   9564	    276	   3152	  12992	   32c0	sort_weights.elf
'Finished building: sort_weights.elf.size'
' '
04:38:49 **** Incremental Build of configuration Debug for project sort_weights ****
make all 
make: Nothing to be done for 'all'.
04:40:36 **** Incremental Build of configuration Debug for project sort_weights ****
make all 
'Building file: ../src/main_weights.c'
'Invoking: MicroBlaze gcc compiler'
mb-gcc -Wall -O0 -g3 -c -fmessage-length=0 -MT"src/main_weights.o" -I../../sort_weights_bsp/microblaze_0/include -mlittle-endian -mcpu=v11.0 -mxl-soft-mul -Wl,--no-relax -ffunction-sections -fdata-sections -MMD -MP -MF"src/main_weights.d" -MT"src/main_weights.o" -o "src/main_weights.o" "../src/main_weights.c"
'Finished building: ../src/main_weights.c'
' '
'Building target: sort_weights.elf'
'Invoking: MicroBlaze gcc linker'
mb-gcc -Wl,-T -Wl,../src/lscript.ld -L../../sort_weights_bsp/microblaze_0/lib -mlittle-endian -mcpu=v11.0 -mxl-soft-mul -Wl,--no-relax -Wl,--gc-sections -o "sort_weights.elf"  ./src/main_weights.o ./src/platform.o   -Wl,--start-group,-lxil,-lgcc,-lc,--end-group
'Finished building target: sort_weights.elf'
' '
'Invoking: MicroBlaze Print Size'
mb-size sort_weights.elf  |tee "sort_weights.elf.size"
   text	   data	    bss	    dec	    hex	filename
   9612	    276	   3152	  13040	   32f0	sort_weights.elf
'Finished building: sort_weights.elf.size'
' '
04:41:22 **** Incremental Build of configuration Debug for project sort_weights ****
make all 
'Building file: ../src/main_weights.c'
'Invoking: MicroBlaze gcc compiler'
mb-gcc -Wall -O0 -g3 -c -fmessage-length=0 -MT"src/main_weights.o" -I../../sort_weights_bsp/microblaze_0/include -mlittle-endian -mcpu=v11.0 -mxl-soft-mul -Wl,--no-relax -ffunction-sections -fdata-sections -MMD -MP -MF"src/main_weights.d" -MT"src/main_weights.o" -o "src/main_weights.o" "../src/main_weights.c"
'Finished building: ../src/main_weights.c'
' '
'Building target: sort_weights.elf'
'Invoking: MicroBlaze gcc linker'
mb-gcc -Wl,-T -Wl,../src/lscript.ld -L../../sort_weights_bsp/microblaze_0/lib -mlittle-endian -mcpu=v11.0 -mxl-soft-mul -Wl,--no-relax -Wl,--gc-sections -o "sort_weights.elf"  ./src/main_weights.o ./src/platform.o   -Wl,--start-group,-lxil,-lgcc,-lc,--end-group
'Finished building target: sort_weights.elf'
' '
'Invoking: MicroBlaze Print Size'
mb-size sort_weights.elf  |tee "sort_weights.elf.size"
   text	   data	    bss	    dec	    hex	filename
   9612	    276	   3152	  13040	   32f0	sort_weights.elf
'Finished building: sort_weights.elf.size'
' '
04:41:50 **** Incremental Build of configuration Debug for project sort_weights ****
make all 
'Building file: ../src/main_weights.c'
'Invoking: MicroBlaze gcc compiler'
mb-gcc -Wall -O0 -g3 -c -fmessage-length=0 -MT"src/main_weights.o" -I../../sort_weights_bsp/microblaze_0/include -mlittle-endian -mcpu=v11.0 -mxl-soft-mul -Wl,--no-relax -ffunction-sections -fdata-sections -MMD -MP -MF"src/main_weights.d" -MT"src/main_weights.o" -o "src/main_weights.o" "../src/main_weights.c"
'Finished building: ../src/main_weights.c'
' '
'Building target: sort_weights.elf'
'Invoking: MicroBlaze gcc linker'
mb-gcc -Wl,-T -Wl,../src/lscript.ld -L../../sort_weights_bsp/microblaze_0/lib -mlittle-endian -mcpu=v11.0 -mxl-soft-mul -Wl,--no-relax -Wl,--gc-sections -o "sort_weights.elf"  ./src/main_weights.o ./src/platform.o   -Wl,--start-group,-lxil,-lgcc,-lc,--end-group
'Finished building target: sort_weights.elf'
' '
'Invoking: MicroBlaze Print Size'
mb-size sort_weights.elf  |tee "sort_weights.elf.size"
   text	   data	    bss	    dec	    hex	filename
   9608	    276	   3148	  13032	   32e8	sort_weights.elf
'Finished building: sort_weights.elf.size'
' '
04:42:23 **** Auto Build of configuration Debug for project sort_weights ****
make all 
'Building file: ../src/main_weights.c'
'Invoking: MicroBlaze gcc compiler'
mb-gcc -Wall -O0 -g3 -c -fmessage-length=0 -MT"src/main_weights.o" -I../../sort_weights_bsp/microblaze_0/include -mlittle-endian -mcpu=v11.0 -mxl-soft-mul -Wl,--no-relax -ffunction-sections -fdata-sections -MMD -MP -MF"src/main_weights.d" -MT"src/main_weights.o" -o "src/main_weights.o" "../src/main_weights.c"
'Finished building: ../src/main_weights.c'
' '
'Building target: sort_weights.elf'
'Invoking: MicroBlaze gcc linker'
mb-gcc -Wl,-T -Wl,../src/lscript.ld -L../../sort_weights_bsp/microblaze_0/lib -mlittle-endian -mcpu=v11.0 -mxl-soft-mul -Wl,--no-relax -Wl,--gc-sections -o "sort_weights.elf"  ./src/main_weights.o ./src/platform.o   -Wl,--start-group,-lxil,-lgcc,-lc,--end-group
'Finished building target: sort_weights.elf'
' '
'Invoking: MicroBlaze Print Size'
mb-size sort_weights.elf  |tee "sort_weights.elf.size"
   text	   data	    bss	    dec	    hex	filename
   9632	    276	   3148	  13056	   3300	sort_weights.elf
'Finished building: sort_weights.elf.size'
' '
21:46:17 **** Incremental Build of configuration Debug for project sort_weights ****
make all 
make: Nothing to be done for 'all'.
21:47:55 **** Incremental Build of configuration Debug for project sort_weights ****
make all 
make: Nothing to be done for 'all'.
21:48:35 **** Incremental Build of configuration Debug for project sort_weights ****
make all 
make: Nothing to be done for 'all'.
21:51:10 **** Incremental Build of configuration Debug for project sort_weights ****
make all 
make: Nothing to be done for 'all'.
21:58:42 **** Auto Build of configuration Debug for project sort_weights ****
make all 
'Building file: ../src/main_weights.c'
'Invoking: MicroBlaze gcc compiler'
mb-gcc -Wall -O0 -g3 -c -fmessage-length=0 -MT"src/main_weights.o" -I../../sort_weights_bsp/microblaze_0/include -mlittle-endian -mcpu=v11.0 -mxl-soft-mul -Wl,--no-relax -ffunction-sections -fdata-sections -MMD -MP -MF"src/main_weights.d" -MT"src/main_weights.o" -o "src/main_weights.o" "../src/main_weights.c"
'Finished building: ../src/main_weights.c'
' '
'Building target: sort_weights.elf'
'Invoking: MicroBlaze gcc linker'
mb-gcc -Wl,-T -Wl,../src/lscript.ld -L../../sort_weights_bsp/microblaze_0/lib -mlittle-endian -mcpu=v11.0 -mxl-soft-mul -Wl,--no-relax -Wl,--gc-sections -o "sort_weights.elf"  ./src/main_weights.o ./src/platform.o   -Wl,--start-group,-lxil,-lgcc,-lc,--end-group
'Finished building target: sort_weights.elf'
' '
'Invoking: MicroBlaze Print Size'
mb-size sort_weights.elf  |tee "sort_weights.elf.size"
   text	   data	    bss	    dec	    hex	filename
   9632	    276	   3148	  13056	   3300	sort_weights.elf
'Finished building: sort_weights.elf.size'
' '
21:58:56 **** Incremental Build of configuration Debug for project sort_weights ****
make all 
make: Nothing to be done for 'all'.
16:28:39 **** Incremental Build of configuration Debug for project sort_weights ****
make all 
make: Nothing to be done for 'all'.
16:50:43 **** Incremental Build of configuration Debug for project sort_weights ****
make all 
make: Nothing to be done for 'all'.
16:51:00 **** Incremental Build of configuration Debug for project sort_weights ****
make all 
make: Nothing to be done for 'all'.
