04:42:23 **** Auto Build of configuration Debug for project sort_weights ****
make all 
'Building file: ../src/main_weights.c'
'Invoking: MicroBlaze gcc compiler'
mb-gcc -Wall -O0 -g3 -c -fmessage-length=0 -MT"src/main_weights.o" -I../../sort_weights_bsp/microblaze_0/include -mlittle-endian -mcpu=v11.0 -mxl-soft-mul -Wl,--no-relax -ffunction-sections -fdata-sections -MMD -MP -MF"src/main_weights.d" -MT"src/main_weights.o" -o "src/main_weights.o" "../src/main_weights.c"
'Finished building: ../src/main_weights.c'
' '
'Building target: sort_weights.elf'
'Invoking: MicroBlaze gcc linker'
mb-gcc -Wl,-T -Wl,../src/lscript.ld -L../../sort_weights_bsp/microblaze_0/lib -mlittle-endian -mcpu=v11.0 -mxl-soft-mul -Wl,--no-relax -Wl,--gc-sections -o "sort_weights.elf"  ./src/main_weights.o ./src/platform.o   -Wl,--start-group,-lxil,-lgcc,-lc,--end-group
'Finished building target: sort_weights.elf'
' '
'Invoking: MicroBlaze Print Size'
mb-size sort_weights.elf  |tee "sort_weights.elf.size"
   text	   data	    bss	    dec	    hex	filename
   9632	    276	   3148	  13056	   3300	sort_weights.elf
'Finished building: sort_weights.elf.size'
' '

04:42:25 Build Finished (took 1s.687ms)

